../../../../../../Middlewares/Third_Party/uthash/utarray.h:236:13:utarray_str_cpy	32	static
../../../../../../Middlewares/Third_Party/uthash/utarray.h:255:13:utarray_str_dtor	24	static
E:/Study/07.SSI_Korea/00.Course/00.IoT_Embedded/03.Project/en.x-cube-iota1/STM32CubeExpansion_IOTA1_V3.0.0/Middlewares/Third_Party/IOTA_C/client/api/json_utils.c:8:14:json_get_string	32	static
E:/Study/07.SSI_Korea/00.Course/00.IoT_Embedded/03.Project/en.x-cube-iota1/STM32CubeExpansion_IOTA1_V3.0.0/Middlewares/Third_Party/IOTA_C/client/api/json_utils.c:31:14:json_get_byte_buf_str	40	static
E:/Study/07.SSI_Korea/00.Course/00.IoT_Embedded/03.Project/en.x-cube-iota1/STM32CubeExpansion_IOTA1_V3.0.0/Middlewares/Third_Party/IOTA_C/client/api/json_utils.c:55:14:json_get_boolean	32	static
E:/Study/07.SSI_Korea/00.Course/00.IoT_Embedded/03.Project/en.x-cube-iota1/STM32CubeExpansion_IOTA1_V3.0.0/Middlewares/Third_Party/IOTA_C/client/api/json_utils.c:78:14:json_string_array_to_utarray	48	static
E:/Study/07.SSI_Korea/00.Course/00.IoT_Embedded/03.Project/en.x-cube-iota1/STM32CubeExpansion_IOTA1_V3.0.0/Middlewares/Third_Party/IOTA_C/client/api/json_utils.c:110:14:utarray_to_json_string_array	32	static
E:/Study/07.SSI_Korea/00.Course/00.IoT_Embedded/03.Project/en.x-cube-iota1/STM32CubeExpansion_IOTA1_V3.0.0/Middlewares/Third_Party/IOTA_C/client/api/json_utils.c:132:14:json_get_int	32	static
E:/Study/07.SSI_Korea/00.Course/00.IoT_Embedded/03.Project/en.x-cube-iota1/STM32CubeExpansion_IOTA1_V3.0.0/Middlewares/Third_Party/IOTA_C/client/api/json_utils.c:155:14:json_get_uint8	32	static
E:/Study/07.SSI_Korea/00.Course/00.IoT_Embedded/03.Project/en.x-cube-iota1/STM32CubeExpansion_IOTA1_V3.0.0/Middlewares/Third_Party/IOTA_C/client/api/json_utils.c:183:14:json_get_uint16	32	static
E:/Study/07.SSI_Korea/00.Course/00.IoT_Embedded/03.Project/en.x-cube-iota1/STM32CubeExpansion_IOTA1_V3.0.0/Middlewares/Third_Party/IOTA_C/client/api/json_utils.c:211:14:json_get_uint32	32	static
E:/Study/07.SSI_Korea/00.Course/00.IoT_Embedded/03.Project/en.x-cube-iota1/STM32CubeExpansion_IOTA1_V3.0.0/Middlewares/Third_Party/IOTA_C/client/api/json_utils.c:239:14:json_get_uint64	32	static
E:/Study/07.SSI_Korea/00.Course/00.IoT_Embedded/03.Project/en.x-cube-iota1/STM32CubeExpansion_IOTA1_V3.0.0/Middlewares/Third_Party/IOTA_C/client/api/json_utils.c:267:14:json_get_float	32	static
