E:/Study/07.SSI_Korea/00.Course/00.IoT_Embedded/03.Project/en.x-cube-iota1/STM32CubeExpansion_IOTA1_V3.0.0/Middlewares/Third_Party/MbedTLS/library/cmac.c:83:12:cmac_multiply_by_u	40	static
E:/Study/07.SSI_Korea/00.Course/00.IoT_Embedded/03.Project/en.x-cube-iota1/STM32CubeExpansion_IOTA1_V3.0.0/Middlewares/Third_Party/MbedTLS/library/cmac.c:136:12:cmac_generate_subkeys	64	static
E:/Study/07.SSI_Korea/00.Course/00.IoT_Embedded/03.Project/en.x-cube-iota1/STM32CubeExpansion_IOTA1_V3.0.0/Middlewares/Third_Party/MbedTLS/library/cmac.c:168:13:cmac_xor_block	32	static
E:/Study/07.SSI_Korea/00.Course/00.IoT_Embedded/03.Project/en.x-cube-iota1/STM32CubeExpansion_IOTA1_V3.0.0/Middlewares/Third_Party/MbedTLS/library/cmac.c:184:13:cmac_pad	32	static
E:/Study/07.SSI_Korea/00.Course/00.IoT_Embedded/03.Project/en.x-cube-iota1/STM32CubeExpansion_IOTA1_V3.0.0/Middlewares/Third_Party/MbedTLS/library/cmac.c:202:5:mbedtls_cipher_cmac_starts	40	static
E:/Study/07.SSI_Korea/00.Course/00.IoT_Embedded/03.Project/en.x-cube-iota1/STM32CubeExpansion_IOTA1_V3.0.0/Middlewares/Third_Party/MbedTLS/library/cmac.c:242:5:mbedtls_cipher_cmac_update	64	static
E:/Study/07.SSI_Korea/00.Course/00.IoT_Embedded/03.Project/en.x-cube-iota1/STM32CubeExpansion_IOTA1_V3.0.0/Middlewares/Third_Party/MbedTLS/library/cmac.c:310:5:mbedtls_cipher_cmac_finish	96	static
E:/Study/07.SSI_Korea/00.Course/00.IoT_Embedded/03.Project/en.x-cube-iota1/STM32CubeExpansion_IOTA1_V3.0.0/Middlewares/Third_Party/MbedTLS/library/cmac.c:371:5:mbedtls_cipher_cmac_reset	24	static
E:/Study/07.SSI_Korea/00.Course/00.IoT_Embedded/03.Project/en.x-cube-iota1/STM32CubeExpansion_IOTA1_V3.0.0/Middlewares/Third_Party/MbedTLS/library/cmac.c:390:5:mbedtls_cipher_cmac	96	static
E:/Study/07.SSI_Korea/00.Course/00.IoT_Embedded/03.Project/en.x-cube-iota1/STM32CubeExpansion_IOTA1_V3.0.0/Middlewares/Third_Party/MbedTLS/library/cmac.c:426:5:mbedtls_aes_cmac_prf_128	80	static
E:/Study/07.SSI_Korea/00.Course/00.IoT_Embedded/03.Project/en.x-cube-iota1/STM32CubeExpansion_IOTA1_V3.0.0/Middlewares/Third_Party/MbedTLS/library/cmac.c:761:12:cmac_test_subkeys	136	static
E:/Study/07.SSI_Korea/00.Course/00.IoT_Embedded/03.Project/en.x-cube-iota1/STM32CubeExpansion_IOTA1_V3.0.0/Middlewares/Third_Party/MbedTLS/library/cmac.c:841:12:cmac_test_wth_cipher	64	static
E:/Study/07.SSI_Korea/00.Course/00.IoT_Embedded/03.Project/en.x-cube-iota1/STM32CubeExpansion_IOTA1_V3.0.0/Middlewares/Third_Party/MbedTLS/library/cmac.c:894:12:test_aes128_cmac_prf	48	static
E:/Study/07.SSI_Korea/00.Course/00.IoT_Embedded/03.Project/en.x-cube-iota1/STM32CubeExpansion_IOTA1_V3.0.0/Middlewares/Third_Party/MbedTLS/library/cmac.c:922:5:mbedtls_cmac_self_test	48	static
