E:/Study/07.SSI_Korea/00.Course/00.IoT_Embedded/03.Project/GPIO_IOToggle/Src/main.c:68:5:main	16	static
E:/Study/07.SSI_Korea/00.Course/00.IoT_Embedded/03.Project/GPIO_IOToggle/Src/main.c:140:6:SystemClock_Config	128	static
E:/Study/07.SSI_Korea/00.Course/00.IoT_Embedded/03.Project/GPIO_IOToggle/Src/main.c:194:13:SystemPower_Config	8	static
E:/Study/07.SSI_Korea/00.Course/00.IoT_Embedded/03.Project/GPIO_IOToggle/Src/main.c:218:13:MX_ICACHE_Init	8	static
E:/Study/07.SSI_Korea/00.Course/00.IoT_Embedded/03.Project/GPIO_IOToggle/Src/main.c:252:6:Error_Handler	4	static
