E:/Study/07.SSI_Korea/00.Course/00.IoT_Embedded/03.Project/en.x-cube-iota1/STM32CubeExpansion_IOTA1_V3.0.0/Projects/B-U585I-IOT02A/Applications/IOTA-Client/NetXDuo/App/Utils/serial_comm.c:40:6:serial_press_any	8	static
E:/Study/07.SSI_Korea/00.Course/00.IoT_Embedded/03.Project/en.x-cube-iota1/STM32CubeExpansion_IOTA1_V3.0.0/Projects/B-U585I-IOT02A/Applications/IOTA-Client/NetXDuo/App/Utils/serial_comm.c:48:6:serial_get_yes_no	24	static
E:/Study/07.SSI_Korea/00.Course/00.IoT_Embedded/03.Project/en.x-cube-iota1/STM32CubeExpansion_IOTA1_V3.0.0/Projects/B-U585I-IOT02A/Applications/IOTA-Client/NetXDuo/App/Utils/serial_comm.c:68:6:serial_get_choice	24	static
E:/Study/07.SSI_Korea/00.Course/00.IoT_Embedded/03.Project/en.x-cube-iota1/STM32CubeExpansion_IOTA1_V3.0.0/Projects/B-U585I-IOT02A/Applications/IOTA-Client/NetXDuo/App/Utils/serial_comm.c:97:9:serial_get_int	24	static
E:/Study/07.SSI_Korea/00.Course/00.IoT_Embedded/03.Project/en.x-cube-iota1/STM32CubeExpansion_IOTA1_V3.0.0/Projects/B-U585I-IOT02A/Applications/IOTA-Client/NetXDuo/App/Utils/serial_comm.c:112:9:serial_get_int_single	24	static
E:/Study/07.SSI_Korea/00.Course/00.IoT_Embedded/03.Project/en.x-cube-iota1/STM32CubeExpansion_IOTA1_V3.0.0/Projects/B-U585I-IOT02A/Applications/IOTA-Client/NetXDuo/App/Utils/serial_comm.c:160:9:serial_get_int_fixed	24	static
E:/Study/07.SSI_Korea/00.Course/00.IoT_Embedded/03.Project/en.x-cube-iota1/STM32CubeExpansion_IOTA1_V3.0.0/Projects/B-U585I-IOT02A/Applications/IOTA-Client/NetXDuo/App/Utils/serial_comm.c:174:9:serial_get_int_min	24	static
E:/Study/07.SSI_Korea/00.Course/00.IoT_Embedded/03.Project/en.x-cube-iota1/STM32CubeExpansion_IOTA1_V3.0.0/Projects/B-U585I-IOT02A/Applications/IOTA-Client/NetXDuo/App/Utils/serial_comm.c:185:9:serial_get_int_max	24	static
E:/Study/07.SSI_Korea/00.Course/00.IoT_Embedded/03.Project/en.x-cube-iota1/STM32CubeExpansion_IOTA1_V3.0.0/Projects/B-U585I-IOT02A/Applications/IOTA-Client/NetXDuo/App/Utils/serial_comm.c:196:9:serial_get_int_min_max	32	static
E:/Study/07.SSI_Korea/00.Course/00.IoT_Embedded/03.Project/en.x-cube-iota1/STM32CubeExpansion_IOTA1_V3.0.0/Projects/B-U585I-IOT02A/Applications/IOTA-Client/NetXDuo/App/Utils/serial_comm.c:209:6:serial_get_full_node_url	16	static
E:/Study/07.SSI_Korea/00.Course/00.IoT_Embedded/03.Project/en.x-cube-iota1/STM32CubeExpansion_IOTA1_V3.0.0/Projects/B-U585I-IOT02A/Applications/IOTA-Client/NetXDuo/App/Utils/serial_comm.c:223:6:serial_get_ascii	24	static
E:/Study/07.SSI_Korea/00.Course/00.IoT_Embedded/03.Project/en.x-cube-iota1/STM32CubeExpansion_IOTA1_V3.0.0/Projects/B-U585I-IOT02A/Applications/IOTA-Client/NetXDuo/App/Utils/serial_comm.c:239:6:serial_get_message_ascii	16	static
E:/Study/07.SSI_Korea/00.Course/00.IoT_Embedded/03.Project/en.x-cube-iota1/STM32CubeExpansion_IOTA1_V3.0.0/Projects/B-U585I-IOT02A/Applications/IOTA-Client/NetXDuo/App/Utils/serial_comm.c:253:6:serial_get_options	32	static
