E:/Study/07.SSI_Korea/00.Course/00.IoT_Embedded/03.Project/en.x-cube-iota1/STM32CubeExpansion_IOTA1_V3.0.0/Projects/B-U585I-IOT02A/Applications/IOTA-Client/NetXDuo/App/Utils/terminal_manager.c:30:6:terminal_cls	8	static
E:/Study/07.SSI_Korea/00.Course/00.IoT_Embedded/03.Project/en.x-cube-iota1/STM32CubeExpansion_IOTA1_V3.0.0/Projects/B-U585I-IOT02A/Applications/IOTA-Client/NetXDuo/App/Utils/terminal_manager.c:36:6:terminal_clear_lines	24	static
E:/Study/07.SSI_Korea/00.Course/00.IoT_Embedded/03.Project/en.x-cube-iota1/STM32CubeExpansion_IOTA1_V3.0.0/Projects/B-U585I-IOT02A/Applications/IOTA-Client/NetXDuo/App/Utils/terminal_manager.c:44:6:terminal_go_to	16	static
E:/Study/07.SSI_Korea/00.Course/00.IoT_Embedded/03.Project/en.x-cube-iota1/STM32CubeExpansion_IOTA1_V3.0.0/Projects/B-U585I-IOT02A/Applications/IOTA-Client/NetXDuo/App/Utils/terminal_manager.c:53:6:terminal_go_and_clear	24	static
E:/Study/07.SSI_Korea/00.Course/00.IoT_Embedded/03.Project/en.x-cube-iota1/STM32CubeExpansion_IOTA1_V3.0.0/Projects/B-U585I-IOT02A/Applications/IOTA-Client/NetXDuo/App/Utils/terminal_manager.c:62:6:terminal_save_cursor	8	static
E:/Study/07.SSI_Korea/00.Course/00.IoT_Embedded/03.Project/en.x-cube-iota1/STM32CubeExpansion_IOTA1_V3.0.0/Projects/B-U585I-IOT02A/Applications/IOTA-Client/NetXDuo/App/Utils/terminal_manager.c:67:6:terminal_delete_back	8	static
E:/Study/07.SSI_Korea/00.Course/00.IoT_Embedded/03.Project/en.x-cube-iota1/STM32CubeExpansion_IOTA1_V3.0.0/Projects/B-U585I-IOT02A/Applications/IOTA-Client/NetXDuo/App/Utils/terminal_manager.c:75:6:terminal_set_color	16	static
E:/Study/07.SSI_Korea/00.Course/00.IoT_Embedded/03.Project/en.x-cube-iota1/STM32CubeExpansion_IOTA1_V3.0.0/Projects/B-U585I-IOT02A/Applications/IOTA-Client/NetXDuo/App/Utils/terminal_manager.c:80:6:terminal_reset_color	8	static
E:/Study/07.SSI_Korea/00.Course/00.IoT_Embedded/03.Project/en.x-cube-iota1/STM32CubeExpansion_IOTA1_V3.0.0/Projects/B-U585I-IOT02A/Applications/IOTA-Client/NetXDuo/App/Utils/terminal_manager.c:87:6:terminal_print_frame	16	static
E:/Study/07.SSI_Korea/00.Course/00.IoT_Embedded/03.Project/en.x-cube-iota1/STM32CubeExpansion_IOTA1_V3.0.0/Projects/B-U585I-IOT02A/Applications/IOTA-Client/NetXDuo/App/Utils/terminal_manager.c:102:6:terminal_print_centered	56	static
E:/Study/07.SSI_Korea/00.Course/00.IoT_Embedded/03.Project/en.x-cube-iota1/STM32CubeExpansion_IOTA1_V3.0.0/Projects/B-U585I-IOT02A/Applications/IOTA-Client/NetXDuo/App/Utils/terminal_manager.c:115:6:terminal_print_delimiter	16	static
E:/Study/07.SSI_Korea/00.Course/00.IoT_Embedded/03.Project/en.x-cube-iota1/STM32CubeExpansion_IOTA1_V3.0.0/Projects/B-U585I-IOT02A/Applications/IOTA-Client/NetXDuo/App/Utils/terminal_manager.c:121:6:terminal_print_delimited	32	static
E:/Study/07.SSI_Korea/00.Course/00.IoT_Embedded/03.Project/en.x-cube-iota1/STM32CubeExpansion_IOTA1_V3.0.0/Projects/B-U585I-IOT02A/Applications/IOTA-Client/NetXDuo/App/Utils/terminal_manager.c:126:6:terminal_print_line	56	dynamic
