../../../../../../Middlewares/Third_Party/uthash/utarray.h:236:13:utarray_str_cpy	32	static
../../../../../../Middlewares/Third_Party/uthash/utarray.h:255:13:utarray_str_dtor	24	static
E:/Study/07.SSI_Korea/00.Course/00.IoT_Embedded/03.Project/en.x-cube-iota1/STM32CubeExpansion_IOTA1_V3.0.0/Middlewares/Third_Party/IOTA_C/client/api/v1/get_outputs_from_address.c:11:31:outputs_new	24	static
E:/Study/07.SSI_Korea/00.Course/00.IoT_Embedded/03.Project/en.x-cube-iota1/STM32CubeExpansion_IOTA1_V3.0.0/Middlewares/Third_Party/IOTA_C/client/api/v1/get_outputs_from_address.c:23:13:outputs_free	24	static
E:/Study/07.SSI_Korea/00.Course/00.IoT_Embedded/03.Project/en.x-cube-iota1/STM32CubeExpansion_IOTA1_V3.0.0/Middlewares/Third_Party/IOTA_C/client/api/v1/get_outputs_from_address.c:32:24:res_outputs_address_new	16	static
E:/Study/07.SSI_Korea/00.Course/00.IoT_Embedded/03.Project/en.x-cube-iota1/STM32CubeExpansion_IOTA1_V3.0.0/Middlewares/Third_Party/IOTA_C/client/api/v1/get_outputs_from_address.c:42:6:res_outputs_address_free	16	static
E:/Study/07.SSI_Korea/00.Course/00.IoT_Embedded/03.Project/en.x-cube-iota1/STM32CubeExpansion_IOTA1_V3.0.0/Middlewares/Third_Party/IOTA_C/client/api/v1/get_outputs_from_address.c:55:7:res_outputs_address_output_id	24	static
E:/Study/07.SSI_Korea/00.Course/00.IoT_Embedded/03.Project/en.x-cube-iota1/STM32CubeExpansion_IOTA1_V3.0.0/Middlewares/Third_Party/IOTA_C/client/api/v1/get_outputs_from_address.c:67:8:res_outputs_address_output_id_count	16	static
E:/Study/07.SSI_Korea/00.Course/00.IoT_Embedded/03.Project/en.x-cube-iota1/STM32CubeExpansion_IOTA1_V3.0.0/Middlewares/Third_Party/IOTA_C/client/api/v1/get_outputs_from_address.c:73:5:deser_outputs_from_address	32	static
E:/Study/07.SSI_Korea/00.Course/00.IoT_Embedded/03.Project/en.x-cube-iota1/STM32CubeExpansion_IOTA1_V3.0.0/Middlewares/Third_Party/IOTA_C/client/api/v1/get_outputs_from_address.c:142:5:get_outputs_from_address	168	static
