../../../../../../Middlewares/Third_Party/uthash/utarray.h:236:13:utarray_str_cpy	32	static
../../../../../../Middlewares/Third_Party/uthash/utarray.h:255:13:utarray_str_dtor	24	static
E:/Study/07.SSI_Korea/00.Course/00.IoT_Embedded/03.Project/en.x-cube-iota1/STM32CubeExpansion_IOTA1_V3.0.0/Middlewares/Third_Party/IOTA_C/client/api/v1/get_tips.c:12:5:get_tips	56	static
E:/Study/07.SSI_Korea/00.Course/00.IoT_Embedded/03.Project/en.x-cube-iota1/STM32CubeExpansion_IOTA1_V3.0.0/Middlewares/Third_Party/IOTA_C/client/api/v1/get_tips.c:41:13:res_tips_new	16	static
E:/Study/07.SSI_Korea/00.Course/00.IoT_Embedded/03.Project/en.x-cube-iota1/STM32CubeExpansion_IOTA1_V3.0.0/Middlewares/Third_Party/IOTA_C/client/api/v1/get_tips.c:51:6:res_tips_free	24	static
E:/Study/07.SSI_Korea/00.Course/00.IoT_Embedded/03.Project/en.x-cube-iota1/STM32CubeExpansion_IOTA1_V3.0.0/Middlewares/Third_Party/IOTA_C/client/api/v1/get_tips.c:64:5:deser_get_tips	48	static
E:/Study/07.SSI_Korea/00.Course/00.IoT_Embedded/03.Project/en.x-cube-iota1/STM32CubeExpansion_IOTA1_V3.0.0/Middlewares/Third_Party/IOTA_C/client/api/v1/get_tips.c:105:8:get_tips_id_count	16	static
E:/Study/07.SSI_Korea/00.Course/00.IoT_Embedded/03.Project/en.x-cube-iota1/STM32CubeExpansion_IOTA1_V3.0.0/Middlewares/Third_Party/IOTA_C/client/api/v1/get_tips.c:114:7:get_tips_id	16	static
