../../../../../../Middlewares/Third_Party/uthash/utarray.h:236:13:utarray_str_cpy	32	static
../../../../../../Middlewares/Third_Party/uthash/utarray.h:255:13:utarray_str_dtor	24	static
E:/Study/07.SSI_Korea/00.Course/00.IoT_Embedded/03.Project/en.x-cube-iota1/STM32CubeExpansion_IOTA1_V3.0.0/Middlewares/Third_Party/IOTA_C/client/api/v1/send_message.c:17:5:serialize_indexation	48	static
E:/Study/07.SSI_Korea/00.Course/00.IoT_Embedded/03.Project/en.x-cube-iota1/STM32CubeExpansion_IOTA1_V3.0.0/Middlewares/Third_Party/IOTA_C/client/api/v1/send_message.c:120:5:deser_send_message_response	32	static
E:/Study/07.SSI_Korea/00.Course/00.IoT_Embedded/03.Project/en.x-cube-iota1/STM32CubeExpansion_IOTA1_V3.0.0/Middlewares/Third_Party/IOTA_C/client/api/v1/send_message.c:158:5:send_message	64	static
E:/Study/07.SSI_Korea/00.Course/00.IoT_Embedded/03.Project/en.x-cube-iota1/STM32CubeExpansion_IOTA1_V3.0.0/Middlewares/Third_Party/IOTA_C/client/api/v1/send_message.c:207:5:send_indexation_msg	56	static
E:/Study/07.SSI_Korea/00.Course/00.IoT_Embedded/03.Project/en.x-cube-iota1/STM32CubeExpansion_IOTA1_V3.0.0/Middlewares/Third_Party/IOTA_C/client/api/v1/send_message.c:265:5:send_core_message	120	static
