E:/Study/07.SSI_Korea/00.Course/00.IoT_Embedded/03.Project/en.x-cube-iota1/STM32CubeExpansion_IOTA1_V3.0.0/Projects/B-U585I-IOT02A/Applications/IOTA-Client/NetXDuo/App/STSAFE/stsafea_crypto_mbedtls_interface.c:152:9:StSafeA_HostKeys_Init	4	static
E:/Study/07.SSI_Korea/00.Course/00.IoT_Embedded/03.Project/en.x-cube-iota1/STM32CubeExpansion_IOTA1_V3.0.0/Projects/B-U585I-IOT02A/Applications/IOTA-Client/NetXDuo/App/STSAFE/stsafea_crypto_mbedtls_interface.c:353:6:StSafeA_AES_MAC_Start	24	static
E:/Study/07.SSI_Korea/00.Course/00.IoT_Embedded/03.Project/en.x-cube-iota1/STM32CubeExpansion_IOTA1_V3.0.0/Projects/B-U585I-IOT02A/Applications/IOTA-Client/NetXDuo/App/STSAFE/stsafea_crypto_mbedtls_interface.c:375:6:StSafeA_AES_MAC_Update	24	static
E:/Study/07.SSI_Korea/00.Course/00.IoT_Embedded/03.Project/en.x-cube-iota1/STM32CubeExpansion_IOTA1_V3.0.0/Projects/B-U585I-IOT02A/Applications/IOTA-Client/NetXDuo/App/STSAFE/stsafea_crypto_mbedtls_interface.c:393:6:StSafeA_AES_MAC_LastUpdate	24	static
E:/Study/07.SSI_Korea/00.Course/00.IoT_Embedded/03.Project/en.x-cube-iota1/STM32CubeExpansion_IOTA1_V3.0.0/Projects/B-U585I-IOT02A/Applications/IOTA-Client/NetXDuo/App/STSAFE/stsafea_crypto_mbedtls_interface.c:408:6:StSafeA_AES_MAC_Final	16	static
E:/Study/07.SSI_Korea/00.Course/00.IoT_Embedded/03.Project/en.x-cube-iota1/STM32CubeExpansion_IOTA1_V3.0.0/Projects/B-U585I-IOT02A/Applications/IOTA-Client/NetXDuo/App/STSAFE/stsafea_crypto_mbedtls_interface.c:430:9:StSafeA_AES_ECB_Encrypt	312	static
E:/Study/07.SSI_Korea/00.Course/00.IoT_Embedded/03.Project/en.x-cube-iota1/STM32CubeExpansion_IOTA1_V3.0.0/Projects/B-U585I-IOT02A/Applications/IOTA-Client/NetXDuo/App/STSAFE/stsafea_crypto_mbedtls_interface.c:475:9:StSafeA_AES_CBC_Encrypt	328	static
E:/Study/07.SSI_Korea/00.Course/00.IoT_Embedded/03.Project/en.x-cube-iota1/STM32CubeExpansion_IOTA1_V3.0.0/Projects/B-U585I-IOT02A/Applications/IOTA-Client/NetXDuo/App/STSAFE/stsafea_crypto_mbedtls_interface.c:521:9:StSafeA_AES_CBC_Decrypt	328	static
