../../../../../../Middlewares/Third_Party/IOTA_C/crypto/iota_crypto.h:141:20:is_little_endian	16	static
E:/Study/07.SSI_Korea/00.Course/00.IoT_Embedded/03.Project/en.x-cube-iota1/STM32CubeExpansion_IOTA1_V3.0.0/Middlewares/Third_Party/IOTA_C/crypto/iota_crypto.c:41:20:store32_be	16	static
E:/Study/07.SSI_Korea/00.Course/00.IoT_Embedded/03.Project/en.x-cube-iota1/STM32CubeExpansion_IOTA1_V3.0.0/Middlewares/Third_Party/IOTA_C/crypto/iota_crypto.c:55:6:iota_crypto_randombytes	16	static
E:/Study/07.SSI_Korea/00.Course/00.IoT_Embedded/03.Project/en.x-cube-iota1/STM32CubeExpansion_IOTA1_V3.0.0/Middlewares/Third_Party/IOTA_C/crypto/iota_crypto.c:95:6:iota_crypto_keypair	16	static
E:/Study/07.SSI_Korea/00.Course/00.IoT_Embedded/03.Project/en.x-cube-iota1/STM32CubeExpansion_IOTA1_V3.0.0/Middlewares/Third_Party/IOTA_C/crypto/iota_crypto.c:109:5:iota_crypto_sign	56	static
E:/Study/07.SSI_Korea/00.Course/00.IoT_Embedded/03.Project/en.x-cube-iota1/STM32CubeExpansion_IOTA1_V3.0.0/Middlewares/Third_Party/IOTA_C/crypto/iota_crypto.c:121:5:iota_crypto_hmacsha256	40	static
E:/Study/07.SSI_Korea/00.Course/00.IoT_Embedded/03.Project/en.x-cube-iota1/STM32CubeExpansion_IOTA1_V3.0.0/Middlewares/Third_Party/IOTA_C/crypto/iota_crypto.c:140:5:iota_crypto_hmacsha512	40	static
E:/Study/07.SSI_Korea/00.Course/00.IoT_Embedded/03.Project/en.x-cube-iota1/STM32CubeExpansion_IOTA1_V3.0.0/Middlewares/Third_Party/IOTA_C/crypto/iota_crypto.c:159:5:iota_blake2b_sum	48	static
E:/Study/07.SSI_Korea/00.Course/00.IoT_Embedded/03.Project/en.x-cube-iota1/STM32CubeExpansion_IOTA1_V3.0.0/Middlewares/Third_Party/IOTA_C/crypto/iota_crypto.c:169:5:iota_crypto_sha256	32	static
E:/Study/07.SSI_Korea/00.Course/00.IoT_Embedded/03.Project/en.x-cube-iota1/STM32CubeExpansion_IOTA1_V3.0.0/Middlewares/Third_Party/IOTA_C/crypto/iota_crypto.c:195:5:iota_crypto_sha512	32	static
E:/Study/07.SSI_Korea/00.Course/00.IoT_Embedded/03.Project/en.x-cube-iota1/STM32CubeExpansion_IOTA1_V3.0.0/Middlewares/Third_Party/IOTA_C/crypto/iota_crypto.c:221:5:iota_crypto_pbkdf2_hmac_sha512	1024	static
