E:/Study/07.SSI_Korea/00.Course/00.IoT_Embedded/03.Project/BSP/Src/main.c:66:5:main	3
E:/Study/07.SSI_Korea/00.Course/00.IoT_Embedded/03.Project/BSP/Src/main.c:122:6:SystemClock_Config	3
E:/Study/07.SSI_Korea/00.Course/00.IoT_Embedded/03.Project/BSP/Src/main.c:176:13:CACHE_Enable	1
E:/Study/07.SSI_Korea/00.Course/00.IoT_Embedded/03.Project/BSP/Src/main.c:190:6:Error_Handler	1
E:/Study/07.SSI_Korea/00.Course/00.IoT_Embedded/03.Project/BSP/Src/main.c:205:10:CheckResult	1
E:/Study/07.SSI_Korea/00.Course/00.IoT_Embedded/03.Project/BSP/Src/main.c:237:6:BSP_PB_Callback	2
