E:/Study/07.SSI_Korea/00.Course/00.IoT_Embedded/03.Project/BSP/Src/ospi_ram.c:58:9:OSPI_RAM_demo	8	static
E:/Study/07.SSI_Korea/00.Course/00.IoT_Embedded/03.Project/BSP/Src/ospi_ram.c:76:6:OSPI_RAM_ReadWrite	24	static
E:/Study/07.SSI_Korea/00.Course/00.IoT_Embedded/03.Project/BSP/Src/ospi_ram.c:143:6:OSPI_RAM_MemoryMapped	24	static
E:/Study/07.SSI_Korea/00.Course/00.IoT_Embedded/03.Project/BSP/Src/ospi_ram.c:210:13:Fill_Buffer	32	static
E:/Study/07.SSI_Korea/00.Course/00.IoT_Embedded/03.Project/BSP/Src/ospi_ram.c:229:16:RMABuffercmp	24	static
