E:/Study/07.SSI_Korea/00.Course/00.IoT_Embedded/03.Project/BSP/Src/ospi_nor.c:76:9:OSPI_NOR_demo	8	static
E:/Study/07.SSI_Korea/00.Course/00.IoT_Embedded/03.Project/BSP/Src/ospi_nor.c:115:13:OSPI_NOR_STR_Mode	32	static
E:/Study/07.SSI_Korea/00.Course/00.IoT_Embedded/03.Project/BSP/Src/ospi_nor.c:191:13:OSPI_NOR_STR_MM_Mode	32	static
E:/Study/07.SSI_Korea/00.Course/00.IoT_Embedded/03.Project/BSP/Src/ospi_nor.c:272:13:OSPI_NOR_DTR_Mode	32	static
E:/Study/07.SSI_Korea/00.Course/00.IoT_Embedded/03.Project/BSP/Src/ospi_nor.c:334:13:OSPI_NOR_DTR_MM_Mode	32	static
E:/Study/07.SSI_Korea/00.Course/00.IoT_Embedded/03.Project/BSP/Src/ospi_nor.c:410:13:Fill_Buffer	32	static
E:/Study/07.SSI_Korea/00.Course/00.IoT_Embedded/03.Project/BSP/Src/ospi_nor.c:429:16:RMABuffercmp	24	static
