18:27:26 **** Build of configuration Debug for project BSP ****
make -j8 all 
arm-none-eabi-gcc "E:/Study/07.SSI_Korea/00.Course/00.IoT_Embedded/03.Project/BSP/Src/audio_record.c" -mcpu=cortex-m33 -std=gnu11 -g3 -DDEBUG -DSTM32U585xx -DUSE_HAL_DRIVER -c -I../../Inc -I../../Drivers/CMSIS/Include -I../../Drivers/CMSIS/Device/ST/STM32U5xx/Include -I../../Drivers/STM32U5xx_HAL_Driver/Inc -I../../Drivers/BSP/B-U585I-IOT02A -I../../Drivers/BSP/Components/Common -I../../Drivers/BSP/Components/vl53l5cx/modules -I../../Drivers/BSP/Components/vl53l5cx/porting -O0 -ffunction-sections -fdata-sections -Wall -Wno-format -fstack-usage -fcyclomatic-complexity -MMD -MP -MF"Example/User/audio_record.d" -MT"Example/User/audio_record.o" --specs=nano.specs -mfpu=fpv5-sp-d16 -mfloat-abi=hard -mthumb -o "Example/User/audio_record.o"
arm-none-eabi-gcc "E:/Study/07.SSI_Korea/00.Course/00.IoT_Embedded/03.Project/BSP/Src/button.c" -mcpu=cortex-m33 -std=gnu11 -g3 -DDEBUG -DSTM32U585xx -DUSE_HAL_DRIVER -c -I../../Inc -I../../Drivers/CMSIS/Include -I../../Drivers/CMSIS/Device/ST/STM32U5xx/Include -I../../Drivers/STM32U5xx_HAL_Driver/Inc -I../../Drivers/BSP/B-U585I-IOT02A -I../../Drivers/BSP/Components/Common -I../../Drivers/BSP/Components/vl53l5cx/modules -I../../Drivers/BSP/Components/vl53l5cx/porting -O0 -ffunction-sections -fdata-sections -Wall -Wno-format -fstack-usage -fcyclomatic-complexity -MMD -MP -MF"Example/User/button.d" -MT"Example/User/button.o" --specs=nano.specs -mfpu=fpv5-sp-d16 -mfloat-abi=hard -mthumb -o "Example/User/button.o"
arm-none-eabi-gcc "E:/Study/07.SSI_Korea/00.Course/00.IoT_Embedded/03.Project/BSP/Src/camera.c" -mcpu=cortex-m33 -std=gnu11 -g3 -DDEBUG -DSTM32U585xx -DUSE_HAL_DRIVER -c -I../../Inc -I../../Drivers/CMSIS/Include -I../../Drivers/CMSIS/Device/ST/STM32U5xx/Include -I../../Drivers/STM32U5xx_HAL_Driver/Inc -I../../Drivers/BSP/B-U585I-IOT02A -I../../Drivers/BSP/Components/Common -I../../Drivers/BSP/Components/vl53l5cx/modules -I../../Drivers/BSP/Components/vl53l5cx/porting -O0 -ffunction-sections -fdata-sections -Wall -Wno-format -fstack-usage -fcyclomatic-complexity -MMD -MP -MF"Example/User/camera.d" -MT"Example/User/camera.o" --specs=nano.specs -mfpu=fpv5-sp-d16 -mfloat-abi=hard -mthumb -o "Example/User/camera.o"
arm-none-eabi-gcc "E:/Study/07.SSI_Korea/00.Course/00.IoT_Embedded/03.Project/BSP/Src/eeprom.c" -mcpu=cortex-m33 -std=gnu11 -g3 -DDEBUG -DSTM32U585xx -DUSE_HAL_DRIVER -c -I../../Inc -I../../Drivers/CMSIS/Include -I../../Drivers/CMSIS/Device/ST/STM32U5xx/Include -I../../Drivers/STM32U5xx_HAL_Driver/Inc -I../../Drivers/BSP/B-U585I-IOT02A -I../../Drivers/BSP/Components/Common -I../../Drivers/BSP/Components/vl53l5cx/modules -I../../Drivers/BSP/Components/vl53l5cx/porting -O0 -ffunction-sections -fdata-sections -Wall -Wno-format -fstack-usage -fcyclomatic-complexity -MMD -MP -MF"Example/User/eeprom.d" -MT"Example/User/eeprom.o" --specs=nano.specs -mfpu=fpv5-sp-d16 -mfloat-abi=hard -mthumb -o "Example/User/eeprom.o"
arm-none-eabi-gcc "E:/Study/07.SSI_Korea/00.Course/00.IoT_Embedded/03.Project/BSP/Src/env_sensor.c" -mcpu=cortex-m33 -std=gnu11 -g3 -DDEBUG -DSTM32U585xx -DUSE_HAL_DRIVER -c -I../../Inc -I../../Drivers/CMSIS/Include -I../../Drivers/CMSIS/Device/ST/STM32U5xx/Include -I../../Drivers/STM32U5xx_HAL_Driver/Inc -I../../Drivers/BSP/B-U585I-IOT02A -I../../Drivers/BSP/Components/Common -I../../Drivers/BSP/Components/vl53l5cx/modules -I../../Drivers/BSP/Components/vl53l5cx/porting -O0 -ffunction-sections -fdata-sections -Wall -Wno-format -fstack-usage -fcyclomatic-complexity -MMD -MP -MF"Example/User/env_sensor.d" -MT"Example/User/env_sensor.o" --specs=nano.specs -mfpu=fpv5-sp-d16 -mfloat-abi=hard -mthumb -o "Example/User/env_sensor.o"
arm-none-eabi-gcc "E:/Study/07.SSI_Korea/00.Course/00.IoT_Embedded/03.Project/BSP/Src/led.c" -mcpu=cortex-m33 -std=gnu11 -g3 -DDEBUG -DSTM32U585xx -DUSE_HAL_DRIVER -c -I../../Inc -I../../Drivers/CMSIS/Include -I../../Drivers/CMSIS/Device/ST/STM32U5xx/Include -I../../Drivers/STM32U5xx_HAL_Driver/Inc -I../../Drivers/BSP/B-U585I-IOT02A -I../../Drivers/BSP/Components/Common -I../../Drivers/BSP/Components/vl53l5cx/modules -I../../Drivers/BSP/Components/vl53l5cx/porting -O0 -ffunction-sections -fdata-sections -Wall -Wno-format -fstack-usage -fcyclomatic-complexity -MMD -MP -MF"Example/User/led.d" -MT"Example/User/led.o" --specs=nano.specs -mfpu=fpv5-sp-d16 -mfloat-abi=hard -mthumb -o "Example/User/led.o"
arm-none-eabi-gcc "E:/Study/07.SSI_Korea/00.Course/00.IoT_Embedded/03.Project/BSP/Src/light_sensor.c" -mcpu=cortex-m33 -std=gnu11 -g3 -DDEBUG -DSTM32U585xx -DUSE_HAL_DRIVER -c -I../../Inc -I../../Drivers/CMSIS/Include -I../../Drivers/CMSIS/Device/ST/STM32U5xx/Include -I../../Drivers/STM32U5xx_HAL_Driver/Inc -I../../Drivers/BSP/B-U585I-IOT02A -I../../Drivers/BSP/Components/Common -I../../Drivers/BSP/Components/vl53l5cx/modules -I../../Drivers/BSP/Components/vl53l5cx/porting -O0 -ffunction-sections -fdata-sections -Wall -Wno-format -fstack-usage -fcyclomatic-complexity -MMD -MP -MF"Example/User/light_sensor.d" -MT"Example/User/light_sensor.o" --specs=nano.specs -mfpu=fpv5-sp-d16 -mfloat-abi=hard -mthumb -o "Example/User/light_sensor.o"
arm-none-eabi-gcc "E:/Study/07.SSI_Korea/00.Course/00.IoT_Embedded/03.Project/BSP/Src/main.c" -mcpu=cortex-m33 -std=gnu11 -g3 -DDEBUG -DSTM32U585xx -DUSE_HAL_DRIVER -c -I../../Inc -I../../Drivers/CMSIS/Include -I../../Drivers/CMSIS/Device/ST/STM32U5xx/Include -I../../Drivers/STM32U5xx_HAL_Driver/Inc -I../../Drivers/BSP/B-U585I-IOT02A -I../../Drivers/BSP/Components/Common -I../../Drivers/BSP/Components/vl53l5cx/modules -I../../Drivers/BSP/Components/vl53l5cx/porting -O0 -ffunction-sections -fdata-sections -Wall -Wno-format -fstack-usage -fcyclomatic-complexity -MMD -MP -MF"Example/User/main.d" -MT"Example/User/main.o" --specs=nano.specs -mfpu=fpv5-sp-d16 -mfloat-abi=hard -mthumb -o "Example/User/main.o"
arm-none-eabi-gcc "E:/Study/07.SSI_Korea/00.Course/00.IoT_Embedded/03.Project/BSP/Src/motion_sensor.c" -mcpu=cortex-m33 -std=gnu11 -g3 -DDEBUG -DSTM32U585xx -DUSE_HAL_DRIVER -c -I../../Inc -I../../Drivers/CMSIS/Include -I../../Drivers/CMSIS/Device/ST/STM32U5xx/Include -I../../Drivers/STM32U5xx_HAL_Driver/Inc -I../../Drivers/BSP/B-U585I-IOT02A -I../../Drivers/BSP/Components/Common -I../../Drivers/BSP/Components/vl53l5cx/modules -I../../Drivers/BSP/Components/vl53l5cx/porting -O0 -ffunction-sections -fdata-sections -Wall -Wno-format -fstack-usage -fcyclomatic-complexity -MMD -MP -MF"Example/User/motion_sensor.d" -MT"Example/User/motion_sensor.o" --specs=nano.specs -mfpu=fpv5-sp-d16 -mfloat-abi=hard -mthumb -o "Example/User/motion_sensor.o"
arm-none-eabi-gcc "E:/Study/07.SSI_Korea/00.Course/00.IoT_Embedded/03.Project/BSP/Src/ospi_nor.c" -mcpu=cortex-m33 -std=gnu11 -g3 -DDEBUG -DSTM32U585xx -DUSE_HAL_DRIVER -c -I../../Inc -I../../Drivers/CMSIS/Include -I../../Drivers/CMSIS/Device/ST/STM32U5xx/Include -I../../Drivers/STM32U5xx_HAL_Driver/Inc -I../../Drivers/BSP/B-U585I-IOT02A -I../../Drivers/BSP/Components/Common -I../../Drivers/BSP/Components/vl53l5cx/modules -I../../Drivers/BSP/Components/vl53l5cx/porting -O0 -ffunction-sections -fdata-sections -Wall -Wno-format -fstack-usage -fcyclomatic-complexity -MMD -MP -MF"Example/User/ospi_nor.d" -MT"Example/User/ospi_nor.o" --specs=nano.specs -mfpu=fpv5-sp-d16 -mfloat-abi=hard -mthumb -o "Example/User/ospi_nor.o"
arm-none-eabi-gcc "E:/Study/07.SSI_Korea/00.Course/00.IoT_Embedded/03.Project/BSP/Src/ospi_ram.c" -mcpu=cortex-m33 -std=gnu11 -g3 -DDEBUG -DSTM32U585xx -DUSE_HAL_DRIVER -c -I../../Inc -I../../Drivers/CMSIS/Include -I../../Drivers/CMSIS/Device/ST/STM32U5xx/Include -I../../Drivers/STM32U5xx_HAL_Driver/Inc -I../../Drivers/BSP/B-U585I-IOT02A -I../../Drivers/BSP/Components/Common -I../../Drivers/BSP/Components/vl53l5cx/modules -I../../Drivers/BSP/Components/vl53l5cx/porting -O0 -ffunction-sections -fdata-sections -Wall -Wno-format -fstack-usage -fcyclomatic-complexity -MMD -MP -MF"Example/User/ospi_ram.d" -MT"Example/User/ospi_ram.o" --specs=nano.specs -mfpu=fpv5-sp-d16 -mfloat-abi=hard -mthumb -o "Example/User/ospi_ram.o"
arm-none-eabi-gcc "E:/Study/07.SSI_Korea/00.Course/00.IoT_Embedded/03.Project/BSP/Src/ranging_sensor.c" -mcpu=cortex-m33 -std=gnu11 -g3 -DDEBUG -DSTM32U585xx -DUSE_HAL_DRIVER -c -I../../Inc -I../../Drivers/CMSIS/Include -I../../Drivers/CMSIS/Device/ST/STM32U5xx/Include -I../../Drivers/STM32U5xx_HAL_Driver/Inc -I../../Drivers/BSP/B-U585I-IOT02A -I../../Drivers/BSP/Components/Common -I../../Drivers/BSP/Components/vl53l5cx/modules -I../../Drivers/BSP/Components/vl53l5cx/porting -O0 -ffunction-sections -fdata-sections -Wall -Wno-format -fstack-usage -fcyclomatic-complexity -MMD -MP -MF"Example/User/ranging_sensor.d" -MT"Example/User/ranging_sensor.o" --specs=nano.specs -mfpu=fpv5-sp-d16 -mfloat-abi=hard -mthumb -o "Example/User/ranging_sensor.o"
arm-none-eabi-gcc "E:/Study/07.SSI_Korea/00.Course/00.IoT_Embedded/03.Project/BSP/Src/stm32u5xx_hal_msp.c" -mcpu=cortex-m33 -std=gnu11 -g3 -DDEBUG -DSTM32U585xx -DUSE_HAL_DRIVER -c -I../../Inc -I../../Drivers/CMSIS/Include -I../../Drivers/CMSIS/Device/ST/STM32U5xx/Include -I../../Drivers/STM32U5xx_HAL_Driver/Inc -I../../Drivers/BSP/B-U585I-IOT02A -I../../Drivers/BSP/Components/Common -I../../Drivers/BSP/Components/vl53l5cx/modules -I../../Drivers/BSP/Components/vl53l5cx/porting -O0 -ffunction-sections -fdata-sections -Wall -Wno-format -fstack-usage -fcyclomatic-complexity -MMD -MP -MF"Example/User/stm32u5xx_hal_msp.d" -MT"Example/User/stm32u5xx_hal_msp.o" --specs=nano.specs -mfpu=fpv5-sp-d16 -mfloat-abi=hard -mthumb -o "Example/User/stm32u5xx_hal_msp.o"
arm-none-eabi-gcc "E:/Study/07.SSI_Korea/00.Course/00.IoT_Embedded/03.Project/BSP/Src/stm32u5xx_it.c" -mcpu=cortex-m33 -std=gnu11 -g3 -DDEBUG -DSTM32U585xx -DUSE_HAL_DRIVER -c -I../../Inc -I../../Drivers/CMSIS/Include -I../../Drivers/CMSIS/Device/ST/STM32U5xx/Include -I../../Drivers/STM32U5xx_HAL_Driver/Inc -I../../Drivers/BSP/B-U585I-IOT02A -I../../Drivers/BSP/Components/Common -I../../Drivers/BSP/Components/vl53l5cx/modules -I../../Drivers/BSP/Components/vl53l5cx/porting -O0 -ffunction-sections -fdata-sections -Wall -Wno-format -fstack-usage -fcyclomatic-complexity -MMD -MP -MF"Example/User/stm32u5xx_it.d" -MT"Example/User/stm32u5xx_it.o" --specs=nano.specs -mfpu=fpv5-sp-d16 -mfloat-abi=hard -mthumb -o "Example/User/stm32u5xx_it.o"
arm-none-eabi-gcc "../Example/User/sysmem.c" -mcpu=cortex-m33 -std=gnu11 -g3 -DDEBUG -DSTM32U585xx -DUSE_HAL_DRIVER -c -I../../Inc -I../../Drivers/CMSIS/Include -I../../Drivers/CMSIS/Device/ST/STM32U5xx/Include -I../../Drivers/STM32U5xx_HAL_Driver/Inc -I../../Drivers/BSP/B-U585I-IOT02A -I../../Drivers/BSP/Components/Common -I../../Drivers/BSP/Components/vl53l5cx/modules -I../../Drivers/BSP/Components/vl53l5cx/porting -O0 -ffunction-sections -fdata-sections -Wall -Wno-format -fstack-usage -fcyclomatic-complexity -MMD -MP -MF"Example/User/sysmem.d" -MT"Example/User/sysmem.o" --specs=nano.specs -mfpu=fpv5-sp-d16 -mfloat-abi=hard -mthumb -o "Example/User/sysmem.o"
arm-none-eabi-gcc -mcpu=cortex-m33 -g3 -DDEBUG -c -x assembler-with-cpp -MMD -MP -MF"Example/Startup/startup_stm32u585aiix.d" -MT"Example/Startup/startup_stm32u585aiix.o" --specs=nano.specs -mfpu=fpv5-sp-d16 -mfloat-abi=hard -mthumb -o "Example/Startup/startup_stm32u585aiix.o" "../Example/Startup/startup_stm32u585aiix.s"
arm-none-eabi-gcc "E:/Study/07.SSI_Korea/00.Course/00.IoT_Embedded/03.Project/BSP/Drivers/STM32U5xx_HAL_Driver/Src/stm32u5xx_hal.c" -mcpu=cortex-m33 -std=gnu11 -g3 -DDEBUG -DSTM32U585xx -DUSE_HAL_DRIVER -c -I../../Inc -I../../Drivers/CMSIS/Include -I../../Drivers/CMSIS/Device/ST/STM32U5xx/Include -I../../Drivers/STM32U5xx_HAL_Driver/Inc -I../../Drivers/BSP/B-U585I-IOT02A -I../../Drivers/BSP/Components/Common -I../../Drivers/BSP/Components/vl53l5cx/modules -I../../Drivers/BSP/Components/vl53l5cx/porting -O0 -ffunction-sections -fdata-sections -Wall -Wno-format -fstack-usage -fcyclomatic-complexity -MMD -MP -MF"Drivers/STM32U5xx_HAL_Driver/stm32u5xx_hal.d" -MT"Drivers/STM32U5xx_HAL_Driver/stm32u5xx_hal.o" --specs=nano.specs -mfpu=fpv5-sp-d16 -mfloat-abi=hard -mthumb -o "Drivers/STM32U5xx_HAL_Driver/stm32u5xx_hal.o"
arm-none-eabi-gcc "E:/Study/07.SSI_Korea/00.Course/00.IoT_Embedded/03.Project/BSP/Drivers/STM32U5xx_HAL_Driver/Src/stm32u5xx_hal_cortex.c" -mcpu=cortex-m33 -std=gnu11 -g3 -DDEBUG -DSTM32U585xx -DUSE_HAL_DRIVER -c -I../../Inc -I../../Drivers/CMSIS/Include -I../../Drivers/CMSIS/Device/ST/STM32U5xx/Include -I../../Drivers/STM32U5xx_HAL_Driver/Inc -I../../Drivers/BSP/B-U585I-IOT02A -I../../Drivers/BSP/Components/Common -I../../Drivers/BSP/Components/vl53l5cx/modules -I../../Drivers/BSP/Components/vl53l5cx/porting -O0 -ffunction-sections -fdata-sections -Wall -Wno-format -fstack-usage -fcyclomatic-complexity -MMD -MP -MF"Drivers/STM32U5xx_HAL_Driver/stm32u5xx_hal_cortex.d" -MT"Drivers/STM32U5xx_HAL_Driver/stm32u5xx_hal_cortex.o" --specs=nano.specs -mfpu=fpv5-sp-d16 -mfloat-abi=hard -mthumb -o "Drivers/STM32U5xx_HAL_Driver/stm32u5xx_hal_cortex.o"
arm-none-eabi-gcc "E:/Study/07.SSI_Korea/00.Course/00.IoT_Embedded/03.Project/BSP/Drivers/STM32U5xx_HAL_Driver/Src/stm32u5xx_hal_dcache.c" -mcpu=cortex-m33 -std=gnu11 -g3 -DDEBUG -DSTM32U585xx -DUSE_HAL_DRIVER -c -I../../Inc -I../../Drivers/CMSIS/Include -I../../Drivers/CMSIS/Device/ST/STM32U5xx/Include -I../../Drivers/STM32U5xx_HAL_Driver/Inc -I../../Drivers/BSP/B-U585I-IOT02A -I../../Drivers/BSP/Components/Common -I../../Drivers/BSP/Components/vl53l5cx/modules -I../../Drivers/BSP/Components/vl53l5cx/porting -O0 -ffunction-sections -fdata-sections -Wall -Wno-format -fstack-usage -fcyclomatic-complexity -MMD -MP -MF"Drivers/STM32U5xx_HAL_Driver/stm32u5xx_hal_dcache.d" -MT"Drivers/STM32U5xx_HAL_Driver/stm32u5xx_hal_dcache.o" --specs=nano.specs -mfpu=fpv5-sp-d16 -mfloat-abi=hard -mthumb -o "Drivers/STM32U5xx_HAL_Driver/stm32u5xx_hal_dcache.o"
arm-none-eabi-gcc "E:/Study/07.SSI_Korea/00.Course/00.IoT_Embedded/03.Project/BSP/Drivers/STM32U5xx_HAL_Driver/Src/stm32u5xx_hal_dcmi.c" -mcpu=cortex-m33 -std=gnu11 -g3 -DDEBUG -DSTM32U585xx -DUSE_HAL_DRIVER -c -I../../Inc -I../../Drivers/CMSIS/Include -I../../Drivers/CMSIS/Device/ST/STM32U5xx/Include -I../../Drivers/STM32U5xx_HAL_Driver/Inc -I../../Drivers/BSP/B-U585I-IOT02A -I../../Drivers/BSP/Components/Common -I../../Drivers/BSP/Components/vl53l5cx/modules -I../../Drivers/BSP/Components/vl53l5cx/porting -O0 -ffunction-sections -fdata-sections -Wall -Wno-format -fstack-usage -fcyclomatic-complexity -MMD -MP -MF"Drivers/STM32U5xx_HAL_Driver/stm32u5xx_hal_dcmi.d" -MT"Drivers/STM32U5xx_HAL_Driver/stm32u5xx_hal_dcmi.o" --specs=nano.specs -mfpu=fpv5-sp-d16 -mfloat-abi=hard -mthumb -o "Drivers/STM32U5xx_HAL_Driver/stm32u5xx_hal_dcmi.o"
arm-none-eabi-gcc "E:/Study/07.SSI_Korea/00.Course/00.IoT_Embedded/03.Project/BSP/Drivers/STM32U5xx_HAL_Driver/Src/stm32u5xx_hal_dma.c" -mcpu=cortex-m33 -std=gnu11 -g3 -DDEBUG -DSTM32U585xx -DUSE_HAL_DRIVER -c -I../../Inc -I../../Drivers/CMSIS/Include -I../../Drivers/CMSIS/Device/ST/STM32U5xx/Include -I../../Drivers/STM32U5xx_HAL_Driver/Inc -I../../Drivers/BSP/B-U585I-IOT02A -I../../Drivers/BSP/Components/Common -I../../Drivers/BSP/Components/vl53l5cx/modules -I../../Drivers/BSP/Components/vl53l5cx/porting -O0 -ffunction-sections -fdata-sections -Wall -Wno-format -fstack-usage -fcyclomatic-complexity -MMD -MP -MF"Drivers/STM32U5xx_HAL_Driver/stm32u5xx_hal_dma.d" -MT"Drivers/STM32U5xx_HAL_Driver/stm32u5xx_hal_dma.o" --specs=nano.specs -mfpu=fpv5-sp-d16 -mfloat-abi=hard -mthumb -o "Drivers/STM32U5xx_HAL_Driver/stm32u5xx_hal_dma.o"
arm-none-eabi-gcc "E:/Study/07.SSI_Korea/00.Course/00.IoT_Embedded/03.Project/BSP/Drivers/STM32U5xx_HAL_Driver/Src/stm32u5xx_hal_dma2d.c" -mcpu=cortex-m33 -std=gnu11 -g3 -DDEBUG -DSTM32U585xx -DUSE_HAL_DRIVER -c -I../../Inc -I../../Drivers/CMSIS/Include -I../../Drivers/CMSIS/Device/ST/STM32U5xx/Include -I../../Drivers/STM32U5xx_HAL_Driver/Inc -I../../Drivers/BSP/B-U585I-IOT02A -I../../Drivers/BSP/Components/Common -I../../Drivers/BSP/Components/vl53l5cx/modules -I../../Drivers/BSP/Components/vl53l5cx/porting -O0 -ffunction-sections -fdata-sections -Wall -Wno-format -fstack-usage -fcyclomatic-complexity -MMD -MP -MF"Drivers/STM32U5xx_HAL_Driver/stm32u5xx_hal_dma2d.d" -MT"Drivers/STM32U5xx_HAL_Driver/stm32u5xx_hal_dma2d.o" --specs=nano.specs -mfpu=fpv5-sp-d16 -mfloat-abi=hard -mthumb -o "Drivers/STM32U5xx_HAL_Driver/stm32u5xx_hal_dma2d.o"
arm-none-eabi-gcc "E:/Study/07.SSI_Korea/00.Course/00.IoT_Embedded/03.Project/BSP/Drivers/STM32U5xx_HAL_Driver/Src/stm32u5xx_hal_dma_ex.c" -mcpu=cortex-m33 -std=gnu11 -g3 -DDEBUG -DSTM32U585xx -DUSE_HAL_DRIVER -c -I../../Inc -I../../Drivers/CMSIS/Include -I../../Drivers/CMSIS/Device/ST/STM32U5xx/Include -I../../Drivers/STM32U5xx_HAL_Driver/Inc -I../../Drivers/BSP/B-U585I-IOT02A -I../../Drivers/BSP/Components/Common -I../../Drivers/BSP/Components/vl53l5cx/modules -I../../Drivers/BSP/Components/vl53l5cx/porting -O0 -ffunction-sections -fdata-sections -Wall -Wno-format -fstack-usage -fcyclomatic-complexity -MMD -MP -MF"Drivers/STM32U5xx_HAL_Driver/stm32u5xx_hal_dma_ex.d" -MT"Drivers/STM32U5xx_HAL_Driver/stm32u5xx_hal_dma_ex.o" --specs=nano.specs -mfpu=fpv5-sp-d16 -mfloat-abi=hard -mthumb -o "Drivers/STM32U5xx_HAL_Driver/stm32u5xx_hal_dma_ex.o"
arm-none-eabi-gcc "E:/Study/07.SSI_Korea/00.Course/00.IoT_Embedded/03.Project/BSP/Drivers/STM32U5xx_HAL_Driver/Src/stm32u5xx_hal_exti.c" -mcpu=cortex-m33 -std=gnu11 -g3 -DDEBUG -DSTM32U585xx -DUSE_HAL_DRIVER -c -I../../Inc -I../../Drivers/CMSIS/Include -I../../Drivers/CMSIS/Device/ST/STM32U5xx/Include -I../../Drivers/STM32U5xx_HAL_Driver/Inc -I../../Drivers/BSP/B-U585I-IOT02A -I../../Drivers/BSP/Components/Common -I../../Drivers/BSP/Components/vl53l5cx/modules -I../../Drivers/BSP/Components/vl53l5cx/porting -O0 -ffunction-sections -fdata-sections -Wall -Wno-format -fstack-usage -fcyclomatic-complexity -MMD -MP -MF"Drivers/STM32U5xx_HAL_Driver/stm32u5xx_hal_exti.d" -MT"Drivers/STM32U5xx_HAL_Driver/stm32u5xx_hal_exti.o" --specs=nano.specs -mfpu=fpv5-sp-d16 -mfloat-abi=hard -mthumb -o "Drivers/STM32U5xx_HAL_Driver/stm32u5xx_hal_exti.o"
arm-none-eabi-gcc "E:/Study/07.SSI_Korea/00.Course/00.IoT_Embedded/03.Project/BSP/Drivers/STM32U5xx_HAL_Driver/Src/stm32u5xx_hal_flash.c" -mcpu=cortex-m33 -std=gnu11 -g3 -DDEBUG -DSTM32U585xx -DUSE_HAL_DRIVER -c -I../../Inc -I../../Drivers/CMSIS/Include -I../../Drivers/CMSIS/Device/ST/STM32U5xx/Include -I../../Drivers/STM32U5xx_HAL_Driver/Inc -I../../Drivers/BSP/B-U585I-IOT02A -I../../Drivers/BSP/Components/Common -I../../Drivers/BSP/Components/vl53l5cx/modules -I../../Drivers/BSP/Components/vl53l5cx/porting -O0 -ffunction-sections -fdata-sections -Wall -Wno-format -fstack-usage -fcyclomatic-complexity -MMD -MP -MF"Drivers/STM32U5xx_HAL_Driver/stm32u5xx_hal_flash.d" -MT"Drivers/STM32U5xx_HAL_Driver/stm32u5xx_hal_flash.o" --specs=nano.specs -mfpu=fpv5-sp-d16 -mfloat-abi=hard -mthumb -o "Drivers/STM32U5xx_HAL_Driver/stm32u5xx_hal_flash.o"
arm-none-eabi-gcc "E:/Study/07.SSI_Korea/00.Course/00.IoT_Embedded/03.Project/BSP/Drivers/STM32U5xx_HAL_Driver/Src/stm32u5xx_hal_flash_ex.c" -mcpu=cortex-m33 -std=gnu11 -g3 -DDEBUG -DSTM32U585xx -DUSE_HAL_DRIVER -c -I../../Inc -I../../Drivers/CMSIS/Include -I../../Drivers/CMSIS/Device/ST/STM32U5xx/Include -I../../Drivers/STM32U5xx_HAL_Driver/Inc -I../../Drivers/BSP/B-U585I-IOT02A -I../../Drivers/BSP/Components/Common -I../../Drivers/BSP/Components/vl53l5cx/modules -I../../Drivers/BSP/Components/vl53l5cx/porting -O0 -ffunction-sections -fdata-sections -Wall -Wno-format -fstack-usage -fcyclomatic-complexity -MMD -MP -MF"Drivers/STM32U5xx_HAL_Driver/stm32u5xx_hal_flash_ex.d" -MT"Drivers/STM32U5xx_HAL_Driver/stm32u5xx_hal_flash_ex.o" --specs=nano.specs -mfpu=fpv5-sp-d16 -mfloat-abi=hard -mthumb -o "Drivers/STM32U5xx_HAL_Driver/stm32u5xx_hal_flash_ex.o"
arm-none-eabi-gcc "E:/Study/07.SSI_Korea/00.Course/00.IoT_Embedded/03.Project/BSP/Drivers/STM32U5xx_HAL_Driver/Src/stm32u5xx_hal_gpio.c" -mcpu=cortex-m33 -std=gnu11 -g3 -DDEBUG -DSTM32U585xx -DUSE_HAL_DRIVER -c -I../../Inc -I../../Drivers/CMSIS/Include -I../../Drivers/CMSIS/Device/ST/STM32U5xx/Include -I../../Drivers/STM32U5xx_HAL_Driver/Inc -I../../Drivers/BSP/B-U585I-IOT02A -I../../Drivers/BSP/Components/Common -I../../Drivers/BSP/Components/vl53l5cx/modules -I../../Drivers/BSP/Components/vl53l5cx/porting -O0 -ffunction-sections -fdata-sections -Wall -Wno-format -fstack-usage -fcyclomatic-complexity -MMD -MP -MF"Drivers/STM32U5xx_HAL_Driver/stm32u5xx_hal_gpio.d" -MT"Drivers/STM32U5xx_HAL_Driver/stm32u5xx_hal_gpio.o" --specs=nano.specs -mfpu=fpv5-sp-d16 -mfloat-abi=hard -mthumb -o "Drivers/STM32U5xx_HAL_Driver/stm32u5xx_hal_gpio.o"
arm-none-eabi-gcc "E:/Study/07.SSI_Korea/00.Course/00.IoT_Embedded/03.Project/BSP/Drivers/STM32U5xx_HAL_Driver/Src/stm32u5xx_hal_i2c.c" -mcpu=cortex-m33 -std=gnu11 -g3 -DDEBUG -DSTM32U585xx -DUSE_HAL_DRIVER -c -I../../Inc -I../../Drivers/CMSIS/Include -I../../Drivers/CMSIS/Device/ST/STM32U5xx/Include -I../../Drivers/STM32U5xx_HAL_Driver/Inc -I../../Drivers/BSP/B-U585I-IOT02A -I../../Drivers/BSP/Components/Common -I../../Drivers/BSP/Components/vl53l5cx/modules -I../../Drivers/BSP/Components/vl53l5cx/porting -O0 -ffunction-sections -fdata-sections -Wall -Wno-format -fstack-usage -fcyclomatic-complexity -MMD -MP -MF"Drivers/STM32U5xx_HAL_Driver/stm32u5xx_hal_i2c.d" -MT"Drivers/STM32U5xx_HAL_Driver/stm32u5xx_hal_i2c.o" --specs=nano.specs -mfpu=fpv5-sp-d16 -mfloat-abi=hard -mthumb -o "Drivers/STM32U5xx_HAL_Driver/stm32u5xx_hal_i2c.o"
arm-none-eabi-gcc "E:/Study/07.SSI_Korea/00.Course/00.IoT_Embedded/03.Project/BSP/Drivers/STM32U5xx_HAL_Driver/Src/stm32u5xx_hal_i2c_ex.c" -mcpu=cortex-m33 -std=gnu11 -g3 -DDEBUG -DSTM32U585xx -DUSE_HAL_DRIVER -c -I../../Inc -I../../Drivers/CMSIS/Include -I../../Drivers/CMSIS/Device/ST/STM32U5xx/Include -I../../Drivers/STM32U5xx_HAL_Driver/Inc -I../../Drivers/BSP/B-U585I-IOT02A -I../../Drivers/BSP/Components/Common -I../../Drivers/BSP/Components/vl53l5cx/modules -I../../Drivers/BSP/Components/vl53l5cx/porting -O0 -ffunction-sections -fdata-sections -Wall -Wno-format -fstack-usage -fcyclomatic-complexity -MMD -MP -MF"Drivers/STM32U5xx_HAL_Driver/stm32u5xx_hal_i2c_ex.d" -MT"Drivers/STM32U5xx_HAL_Driver/stm32u5xx_hal_i2c_ex.o" --specs=nano.specs -mfpu=fpv5-sp-d16 -mfloat-abi=hard -mthumb -o "Drivers/STM32U5xx_HAL_Driver/stm32u5xx_hal_i2c_ex.o"
arm-none-eabi-gcc "E:/Study/07.SSI_Korea/00.Course/00.IoT_Embedded/03.Project/BSP/Drivers/STM32U5xx_HAL_Driver/Src/stm32u5xx_hal_icache.c" -mcpu=cortex-m33 -std=gnu11 -g3 -DDEBUG -DSTM32U585xx -DUSE_HAL_DRIVER -c -I../../Inc -I../../Drivers/CMSIS/Include -I../../Drivers/CMSIS/Device/ST/STM32U5xx/Include -I../../Drivers/STM32U5xx_HAL_Driver/Inc -I../../Drivers/BSP/B-U585I-IOT02A -I../../Drivers/BSP/Components/Common -I../../Drivers/BSP/Components/vl53l5cx/modules -I../../Drivers/BSP/Components/vl53l5cx/porting -O0 -ffunction-sections -fdata-sections -Wall -Wno-format -fstack-usage -fcyclomatic-complexity -MMD -MP -MF"Drivers/STM32U5xx_HAL_Driver/stm32u5xx_hal_icache.d" -MT"Drivers/STM32U5xx_HAL_Driver/stm32u5xx_hal_icache.o" --specs=nano.specs -mfpu=fpv5-sp-d16 -mfloat-abi=hard -mthumb -o "Drivers/STM32U5xx_HAL_Driver/stm32u5xx_hal_icache.o"
arm-none-eabi-gcc "E:/Study/07.SSI_Korea/00.Course/00.IoT_Embedded/03.Project/BSP/Drivers/STM32U5xx_HAL_Driver/Src/stm32u5xx_hal_mdf.c" -mcpu=cortex-m33 -std=gnu11 -g3 -DDEBUG -DSTM32U585xx -DUSE_HAL_DRIVER -c -I../../Inc -I../../Drivers/CMSIS/Include -I../../Drivers/CMSIS/Device/ST/STM32U5xx/Include -I../../Drivers/STM32U5xx_HAL_Driver/Inc -I../../Drivers/BSP/B-U585I-IOT02A -I../../Drivers/BSP/Components/Common -I../../Drivers/BSP/Components/vl53l5cx/modules -I../../Drivers/BSP/Components/vl53l5cx/porting -O0 -ffunction-sections -fdata-sections -Wall -Wno-format -fstack-usage -fcyclomatic-complexity -MMD -MP -MF"Drivers/STM32U5xx_HAL_Driver/stm32u5xx_hal_mdf.d" -MT"Drivers/STM32U5xx_HAL_Driver/stm32u5xx_hal_mdf.o" --specs=nano.specs -mfpu=fpv5-sp-d16 -mfloat-abi=hard -mthumb -o "Drivers/STM32U5xx_HAL_Driver/stm32u5xx_hal_mdf.o"
arm-none-eabi-gcc "E:/Study/07.SSI_Korea/00.Course/00.IoT_Embedded/03.Project/BSP/Drivers/STM32U5xx_HAL_Driver/Src/stm32u5xx_hal_ospi.c" -mcpu=cortex-m33 -std=gnu11 -g3 -DDEBUG -DSTM32U585xx -DUSE_HAL_DRIVER -c -I../../Inc -I../../Drivers/CMSIS/Include -I../../Drivers/CMSIS/Device/ST/STM32U5xx/Include -I../../Drivers/STM32U5xx_HAL_Driver/Inc -I../../Drivers/BSP/B-U585I-IOT02A -I../../Drivers/BSP/Components/Common -I../../Drivers/BSP/Components/vl53l5cx/modules -I../../Drivers/BSP/Components/vl53l5cx/porting -O0 -ffunction-sections -fdata-sections -Wall -Wno-format -fstack-usage -fcyclomatic-complexity -MMD -MP -MF"Drivers/STM32U5xx_HAL_Driver/stm32u5xx_hal_ospi.d" -MT"Drivers/STM32U5xx_HAL_Driver/stm32u5xx_hal_ospi.o" --specs=nano.specs -mfpu=fpv5-sp-d16 -mfloat-abi=hard -mthumb -o "Drivers/STM32U5xx_HAL_Driver/stm32u5xx_hal_ospi.o"
arm-none-eabi-gcc "E:/Study/07.SSI_Korea/00.Course/00.IoT_Embedded/03.Project/BSP/Drivers/STM32U5xx_HAL_Driver/Src/stm32u5xx_hal_pwr.c" -mcpu=cortex-m33 -std=gnu11 -g3 -DDEBUG -DSTM32U585xx -DUSE_HAL_DRIVER -c -I../../Inc -I../../Drivers/CMSIS/Include -I../../Drivers/CMSIS/Device/ST/STM32U5xx/Include -I../../Drivers/STM32U5xx_HAL_Driver/Inc -I../../Drivers/BSP/B-U585I-IOT02A -I../../Drivers/BSP/Components/Common -I../../Drivers/BSP/Components/vl53l5cx/modules -I../../Drivers/BSP/Components/vl53l5cx/porting -O0 -ffunction-sections -fdata-sections -Wall -Wno-format -fstack-usage -fcyclomatic-complexity -MMD -MP -MF"Drivers/STM32U5xx_HAL_Driver/stm32u5xx_hal_pwr.d" -MT"Drivers/STM32U5xx_HAL_Driver/stm32u5xx_hal_pwr.o" --specs=nano.specs -mfpu=fpv5-sp-d16 -mfloat-abi=hard -mthumb -o "Drivers/STM32U5xx_HAL_Driver/stm32u5xx_hal_pwr.o"
arm-none-eabi-gcc "E:/Study/07.SSI_Korea/00.Course/00.IoT_Embedded/03.Project/BSP/Drivers/STM32U5xx_HAL_Driver/Src/stm32u5xx_hal_pwr_ex.c" -mcpu=cortex-m33 -std=gnu11 -g3 -DDEBUG -DSTM32U585xx -DUSE_HAL_DRIVER -c -I../../Inc -I../../Drivers/CMSIS/Include -I../../Drivers/CMSIS/Device/ST/STM32U5xx/Include -I../../Drivers/STM32U5xx_HAL_Driver/Inc -I../../Drivers/BSP/B-U585I-IOT02A -I../../Drivers/BSP/Components/Common -I../../Drivers/BSP/Components/vl53l5cx/modules -I../../Drivers/BSP/Components/vl53l5cx/porting -O0 -ffunction-sections -fdata-sections -Wall -Wno-format -fstack-usage -fcyclomatic-complexity -MMD -MP -MF"Drivers/STM32U5xx_HAL_Driver/stm32u5xx_hal_pwr_ex.d" -MT"Drivers/STM32U5xx_HAL_Driver/stm32u5xx_hal_pwr_ex.o" --specs=nano.specs -mfpu=fpv5-sp-d16 -mfloat-abi=hard -mthumb -o "Drivers/STM32U5xx_HAL_Driver/stm32u5xx_hal_pwr_ex.o"
arm-none-eabi-gcc "E:/Study/07.SSI_Korea/00.Course/00.IoT_Embedded/03.Project/BSP/Drivers/STM32U5xx_HAL_Driver/Src/stm32u5xx_hal_rcc.c" -mcpu=cortex-m33 -std=gnu11 -g3 -DDEBUG -DSTM32U585xx -DUSE_HAL_DRIVER -c -I../../Inc -I../../Drivers/CMSIS/Include -I../../Drivers/CMSIS/Device/ST/STM32U5xx/Include -I../../Drivers/STM32U5xx_HAL_Driver/Inc -I../../Drivers/BSP/B-U585I-IOT02A -I../../Drivers/BSP/Components/Common -I../../Drivers/BSP/Components/vl53l5cx/modules -I../../Drivers/BSP/Components/vl53l5cx/porting -O0 -ffunction-sections -fdata-sections -Wall -Wno-format -fstack-usage -fcyclomatic-complexity -MMD -MP -MF"Drivers/STM32U5xx_HAL_Driver/stm32u5xx_hal_rcc.d" -MT"Drivers/STM32U5xx_HAL_Driver/stm32u5xx_hal_rcc.o" --specs=nano.specs -mfpu=fpv5-sp-d16 -mfloat-abi=hard -mthumb -o "Drivers/STM32U5xx_HAL_Driver/stm32u5xx_hal_rcc.o"
arm-none-eabi-gcc "E:/Study/07.SSI_Korea/00.Course/00.IoT_Embedded/03.Project/BSP/Drivers/STM32U5xx_HAL_Driver/Src/stm32u5xx_hal_rcc_ex.c" -mcpu=cortex-m33 -std=gnu11 -g3 -DDEBUG -DSTM32U585xx -DUSE_HAL_DRIVER -c -I../../Inc -I../../Drivers/CMSIS/Include -I../../Drivers/CMSIS/Device/ST/STM32U5xx/Include -I../../Drivers/STM32U5xx_HAL_Driver/Inc -I../../Drivers/BSP/B-U585I-IOT02A -I../../Drivers/BSP/Components/Common -I../../Drivers/BSP/Components/vl53l5cx/modules -I../../Drivers/BSP/Components/vl53l5cx/porting -O0 -ffunction-sections -fdata-sections -Wall -Wno-format -fstack-usage -fcyclomatic-complexity -MMD -MP -MF"Drivers/STM32U5xx_HAL_Driver/stm32u5xx_hal_rcc_ex.d" -MT"Drivers/STM32U5xx_HAL_Driver/stm32u5xx_hal_rcc_ex.o" --specs=nano.specs -mfpu=fpv5-sp-d16 -mfloat-abi=hard -mthumb -o "Drivers/STM32U5xx_HAL_Driver/stm32u5xx_hal_rcc_ex.o"
arm-none-eabi-gcc "E:/Study/07.SSI_Korea/00.Course/00.IoT_Embedded/03.Project/BSP/Drivers/STM32U5xx_HAL_Driver/Src/stm32u5xx_hal_uart.c" -mcpu=cortex-m33 -std=gnu11 -g3 -DDEBUG -DSTM32U585xx -DUSE_HAL_DRIVER -c -I../../Inc -I../../Drivers/CMSIS/Include -I../../Drivers/CMSIS/Device/ST/STM32U5xx/Include -I../../Drivers/STM32U5xx_HAL_Driver/Inc -I../../Drivers/BSP/B-U585I-IOT02A -I../../Drivers/BSP/Components/Common -I../../Drivers/BSP/Components/vl53l5cx/modules -I../../Drivers/BSP/Components/vl53l5cx/porting -O0 -ffunction-sections -fdata-sections -Wall -Wno-format -fstack-usage -fcyclomatic-complexity -MMD -MP -MF"Drivers/STM32U5xx_HAL_Driver/stm32u5xx_hal_uart.d" -MT"Drivers/STM32U5xx_HAL_Driver/stm32u5xx_hal_uart.o" --specs=nano.specs -mfpu=fpv5-sp-d16 -mfloat-abi=hard -mthumb -o "Drivers/STM32U5xx_HAL_Driver/stm32u5xx_hal_uart.o"
arm-none-eabi-gcc "E:/Study/07.SSI_Korea/00.Course/00.IoT_Embedded/03.Project/BSP/Drivers/STM32U5xx_HAL_Driver/Src/stm32u5xx_hal_uart_ex.c" -mcpu=cortex-m33 -std=gnu11 -g3 -DDEBUG -DSTM32U585xx -DUSE_HAL_DRIVER -c -I../../Inc -I../../Drivers/CMSIS/Include -I../../Drivers/CMSIS/Device/ST/STM32U5xx/Include -I../../Drivers/STM32U5xx_HAL_Driver/Inc -I../../Drivers/BSP/B-U585I-IOT02A -I../../Drivers/BSP/Components/Common -I../../Drivers/BSP/Components/vl53l5cx/modules -I../../Drivers/BSP/Components/vl53l5cx/porting -O0 -ffunction-sections -fdata-sections -Wall -Wno-format -fstack-usage -fcyclomatic-complexity -MMD -MP -MF"Drivers/STM32U5xx_HAL_Driver/stm32u5xx_hal_uart_ex.d" -MT"Drivers/STM32U5xx_HAL_Driver/stm32u5xx_hal_uart_ex.o" --specs=nano.specs -mfpu=fpv5-sp-d16 -mfloat-abi=hard -mthumb -o "Drivers/STM32U5xx_HAL_Driver/stm32u5xx_hal_uart_ex.o"
arm-none-eabi-gcc "E:/Study/07.SSI_Korea/00.Course/00.IoT_Embedded/03.Project/BSP/Drivers/STM32U5xx_HAL_Driver/Src/stm32u5xx_hal_usart.c" -mcpu=cortex-m33 -std=gnu11 -g3 -DDEBUG -DSTM32U585xx -DUSE_HAL_DRIVER -c -I../../Inc -I../../Drivers/CMSIS/Include -I../../Drivers/CMSIS/Device/ST/STM32U5xx/Include -I../../Drivers/STM32U5xx_HAL_Driver/Inc -I../../Drivers/BSP/B-U585I-IOT02A -I../../Drivers/BSP/Components/Common -I../../Drivers/BSP/Components/vl53l5cx/modules -I../../Drivers/BSP/Components/vl53l5cx/porting -O0 -ffunction-sections -fdata-sections -Wall -Wno-format -fstack-usage -fcyclomatic-complexity -MMD -MP -MF"Drivers/STM32U5xx_HAL_Driver/stm32u5xx_hal_usart.d" -MT"Drivers/STM32U5xx_HAL_Driver/stm32u5xx_hal_usart.o" --specs=nano.specs -mfpu=fpv5-sp-d16 -mfloat-abi=hard -mthumb -o "Drivers/STM32U5xx_HAL_Driver/stm32u5xx_hal_usart.o"
arm-none-eabi-gcc "E:/Study/07.SSI_Korea/00.Course/00.IoT_Embedded/03.Project/BSP/Drivers/STM32U5xx_HAL_Driver/Src/stm32u5xx_hal_usart_ex.c" -mcpu=cortex-m33 -std=gnu11 -g3 -DDEBUG -DSTM32U585xx -DUSE_HAL_DRIVER -c -I../../Inc -I../../Drivers/CMSIS/Include -I../../Drivers/CMSIS/Device/ST/STM32U5xx/Include -I../../Drivers/STM32U5xx_HAL_Driver/Inc -I../../Drivers/BSP/B-U585I-IOT02A -I../../Drivers/BSP/Components/Common -I../../Drivers/BSP/Components/vl53l5cx/modules -I../../Drivers/BSP/Components/vl53l5cx/porting -O0 -ffunction-sections -fdata-sections -Wall -Wno-format -fstack-usage -fcyclomatic-complexity -MMD -MP -MF"Drivers/STM32U5xx_HAL_Driver/stm32u5xx_hal_usart_ex.d" -MT"Drivers/STM32U5xx_HAL_Driver/stm32u5xx_hal_usart_ex.o" --specs=nano.specs -mfpu=fpv5-sp-d16 -mfloat-abi=hard -mthumb -o "Drivers/STM32U5xx_HAL_Driver/stm32u5xx_hal_usart_ex.o"
arm-none-eabi-gcc "E:/Study/07.SSI_Korea/00.Course/00.IoT_Embedded/03.Project/BSP/Drivers/STM32U5xx_HAL_Driver/Src/stm32u5xx_ll_dlyb.c" -mcpu=cortex-m33 -std=gnu11 -g3 -DDEBUG -DSTM32U585xx -DUSE_HAL_DRIVER -c -I../../Inc -I../../Drivers/CMSIS/Include -I../../Drivers/CMSIS/Device/ST/STM32U5xx/Include -I../../Drivers/STM32U5xx_HAL_Driver/Inc -I../../Drivers/BSP/B-U585I-IOT02A -I../../Drivers/BSP/Components/Common -I../../Drivers/BSP/Components/vl53l5cx/modules -I../../Drivers/BSP/Components/vl53l5cx/porting -O0 -ffunction-sections -fdata-sections -Wall -Wno-format -fstack-usage -fcyclomatic-complexity -MMD -MP -MF"Drivers/STM32U5xx_HAL_Driver/stm32u5xx_ll_dlyb.d" -MT"Drivers/STM32U5xx_HAL_Driver/stm32u5xx_ll_dlyb.o" --specs=nano.specs -mfpu=fpv5-sp-d16 -mfloat-abi=hard -mthumb -o "Drivers/STM32U5xx_HAL_Driver/stm32u5xx_ll_dlyb.o"
arm-none-eabi-gcc "E:/Study/07.SSI_Korea/00.Course/00.IoT_Embedded/03.Project/BSP/Src/system_stm32u5xx.c" -mcpu=cortex-m33 -std=gnu11 -g3 -DDEBUG -DSTM32U585xx -DUSE_HAL_DRIVER -c -I../../Inc -I../../Drivers/CMSIS/Include -I../../Drivers/CMSIS/Device/ST/STM32U5xx/Include -I../../Drivers/STM32U5xx_HAL_Driver/Inc -I../../Drivers/BSP/B-U585I-IOT02A -I../../Drivers/BSP/Components/Common -I../../Drivers/BSP/Components/vl53l5cx/modules -I../../Drivers/BSP/Components/vl53l5cx/porting -O0 -ffunction-sections -fdata-sections -Wall -Wno-format -fstack-usage -fcyclomatic-complexity -MMD -MP -MF"Drivers/CMSIS/system_stm32u5xx.d" -MT"Drivers/CMSIS/system_stm32u5xx.o" --specs=nano.specs -mfpu=fpv5-sp-d16 -mfloat-abi=hard -mthumb -o "Drivers/CMSIS/system_stm32u5xx.o"
arm-none-eabi-gcc "E:/Study/07.SSI_Korea/00.Course/00.IoT_Embedded/03.Project/BSP/Drivers/BSP/Components/vl53l5cx/porting/platform.c" -mcpu=cortex-m33 -std=gnu11 -g3 -DDEBUG -DSTM32U585xx -DUSE_HAL_DRIVER -c -I../../Inc -I../../Drivers/CMSIS/Include -I../../Drivers/CMSIS/Device/ST/STM32U5xx/Include -I../../Drivers/STM32U5xx_HAL_Driver/Inc -I../../Drivers/BSP/B-U585I-IOT02A -I../../Drivers/BSP/Components/Common -I../../Drivers/BSP/Components/vl53l5cx/modules -I../../Drivers/BSP/Components/vl53l5cx/porting -O0 -ffunction-sections -fdata-sections -Wall -Wno-format -fstack-usage -fcyclomatic-complexity -MMD -MP -MF"Drivers/BSP/Components/vl53l5cx/platform.d" -MT"Drivers/BSP/Components/vl53l5cx/platform.o" --specs=nano.specs -mfpu=fpv5-sp-d16 -mfloat-abi=hard -mthumb -o "Drivers/BSP/Components/vl53l5cx/platform.o"
arm-none-eabi-gcc "E:/Study/07.SSI_Korea/00.Course/00.IoT_Embedded/03.Project/BSP/Drivers/BSP/Components/vl53l5cx/vl53l5cx.c" -mcpu=cortex-m33 -std=gnu11 -g3 -DDEBUG -DSTM32U585xx -DUSE_HAL_DRIVER -c -I../../Inc -I../../Drivers/CMSIS/Include -I../../Drivers/CMSIS/Device/ST/STM32U5xx/Include -I../../Drivers/STM32U5xx_HAL_Driver/Inc -I../../Drivers/BSP/B-U585I-IOT02A -I../../Drivers/BSP/Components/Common -I../../Drivers/BSP/Components/vl53l5cx/modules -I../../Drivers/BSP/Components/vl53l5cx/porting -O0 -ffunction-sections -fdata-sections -Wall -Wno-format -fstack-usage -fcyclomatic-complexity -MMD -MP -MF"Drivers/BSP/Components/vl53l5cx/vl53l5cx.d" -MT"Drivers/BSP/Components/vl53l5cx/vl53l5cx.o" --specs=nano.specs -mfpu=fpv5-sp-d16 -mfloat-abi=hard -mthumb -o "Drivers/BSP/Components/vl53l5cx/vl53l5cx.o"
arm-none-eabi-gcc "E:/Study/07.SSI_Korea/00.Course/00.IoT_Embedded/03.Project/BSP/Drivers/BSP/Components/vl53l5cx/modules/vl53l5cx_api.c" -mcpu=cortex-m33 -std=gnu11 -g3 -DDEBUG -DSTM32U585xx -DUSE_HAL_DRIVER -c -I../../Inc -I../../Drivers/CMSIS/Include -I../../Drivers/CMSIS/Device/ST/STM32U5xx/Include -I../../Drivers/STM32U5xx_HAL_Driver/Inc -I../../Drivers/BSP/B-U585I-IOT02A -I../../Drivers/BSP/Components/Common -I../../Drivers/BSP/Components/vl53l5cx/modules -I../../Drivers/BSP/Components/vl53l5cx/porting -O0 -ffunction-sections -fdata-sections -Wall -Wno-format -fstack-usage -fcyclomatic-complexity -MMD -MP -MF"Drivers/BSP/Components/vl53l5cx/vl53l5cx_api.d" -MT"Drivers/BSP/Components/vl53l5cx/vl53l5cx_api.o" --specs=nano.specs -mfpu=fpv5-sp-d16 -mfloat-abi=hard -mthumb -o "Drivers/BSP/Components/vl53l5cx/vl53l5cx_api.o"
arm-none-eabi-gcc "E:/Study/07.SSI_Korea/00.Course/00.IoT_Embedded/03.Project/BSP/Drivers/BSP/Components/vl53l5cx/modules/vl53l5cx_plugin_detection_thresholds.c" -mcpu=cortex-m33 -std=gnu11 -g3 -DDEBUG -DSTM32U585xx -DUSE_HAL_DRIVER -c -I../../Inc -I../../Drivers/CMSIS/Include -I../../Drivers/CMSIS/Device/ST/STM32U5xx/Include -I../../Drivers/STM32U5xx_HAL_Driver/Inc -I../../Drivers/BSP/B-U585I-IOT02A -I../../Drivers/BSP/Components/Common -I../../Drivers/BSP/Components/vl53l5cx/modules -I../../Drivers/BSP/Components/vl53l5cx/porting -O0 -ffunction-sections -fdata-sections -Wall -Wno-format -fstack-usage -fcyclomatic-complexity -MMD -MP -MF"Drivers/BSP/Components/vl53l5cx/vl53l5cx_plugin_detection_thresholds.d" -MT"Drivers/BSP/Components/vl53l5cx/vl53l5cx_plugin_detection_thresholds.o" --specs=nano.specs -mfpu=fpv5-sp-d16 -mfloat-abi=hard -mthumb -o "Drivers/BSP/Components/vl53l5cx/vl53l5cx_plugin_detection_thresholds.o"
arm-none-eabi-gcc "E:/Study/07.SSI_Korea/00.Course/00.IoT_Embedded/03.Project/BSP/Drivers/BSP/Components/vl53l5cx/modules/vl53l5cx_plugin_motion_indicator.c" -mcpu=cortex-m33 -std=gnu11 -g3 -DDEBUG -DSTM32U585xx -DUSE_HAL_DRIVER -c -I../../Inc -I../../Drivers/CMSIS/Include -I../../Drivers/CMSIS/Device/ST/STM32U5xx/Include -I../../Drivers/STM32U5xx_HAL_Driver/Inc -I../../Drivers/BSP/B-U585I-IOT02A -I../../Drivers/BSP/Components/Common -I../../Drivers/BSP/Components/vl53l5cx/modules -I../../Drivers/BSP/Components/vl53l5cx/porting -O0 -ffunction-sections -fdata-sections -Wall -Wno-format -fstack-usage -fcyclomatic-complexity -MMD -MP -MF"Drivers/BSP/Components/vl53l5cx/vl53l5cx_plugin_motion_indicator.d" -MT"Drivers/BSP/Components/vl53l5cx/vl53l5cx_plugin_motion_indicator.o" --specs=nano.specs -mfpu=fpv5-sp-d16 -mfloat-abi=hard -mthumb -o "Drivers/BSP/Components/vl53l5cx/vl53l5cx_plugin_motion_indicator.o"
arm-none-eabi-gcc "E:/Study/07.SSI_Korea/00.Course/00.IoT_Embedded/03.Project/BSP/Drivers/BSP/Components/vl53l5cx/modules/vl53l5cx_plugin_xtalk.c" -mcpu=cortex-m33 -std=gnu11 -g3 -DDEBUG -DSTM32U585xx -DUSE_HAL_DRIVER -c -I../../Inc -I../../Drivers/CMSIS/Include -I../../Drivers/CMSIS/Device/ST/STM32U5xx/Include -I../../Drivers/STM32U5xx_HAL_Driver/Inc -I../../Drivers/BSP/B-U585I-IOT02A -I../../Drivers/BSP/Components/Common -I../../Drivers/BSP/Components/vl53l5cx/modules -I../../Drivers/BSP/Components/vl53l5cx/porting -O0 -ffunction-sections -fdata-sections -Wall -Wno-format -fstack-usage -fcyclomatic-complexity -MMD -MP -MF"Drivers/BSP/Components/vl53l5cx/vl53l5cx_plugin_xtalk.d" -MT"Drivers/BSP/Components/vl53l5cx/vl53l5cx_plugin_xtalk.o" --specs=nano.specs -mfpu=fpv5-sp-d16 -mfloat-abi=hard -mthumb -o "Drivers/BSP/Components/vl53l5cx/vl53l5cx_plugin_xtalk.o"
arm-none-eabi-gcc "E:/Study/07.SSI_Korea/00.Course/00.IoT_Embedded/03.Project/BSP/Drivers/BSP/Components/aps6408/aps6408.c" -mcpu=cortex-m33 -std=gnu11 -g3 -DDEBUG -DSTM32U585xx -DUSE_HAL_DRIVER -c -I../../Inc -I../../Drivers/CMSIS/Include -I../../Drivers/CMSIS/Device/ST/STM32U5xx/Include -I../../Drivers/STM32U5xx_HAL_Driver/Inc -I../../Drivers/BSP/B-U585I-IOT02A -I../../Drivers/BSP/Components/Common -I../../Drivers/BSP/Components/vl53l5cx/modules -I../../Drivers/BSP/Components/vl53l5cx/porting -O0 -ffunction-sections -fdata-sections -Wall -Wno-format -fstack-usage -fcyclomatic-complexity -MMD -MP -MF"Drivers/BSP/Components/aps6408.d" -MT"Drivers/BSP/Components/aps6408.o" --specs=nano.specs -mfpu=fpv5-sp-d16 -mfloat-abi=hard -mthumb -o "Drivers/BSP/Components/aps6408.o"
arm-none-eabi-gcc "E:/Study/07.SSI_Korea/00.Course/00.IoT_Embedded/03.Project/BSP/Drivers/BSP/Components/hts221/hts221.c" -mcpu=cortex-m33 -std=gnu11 -g3 -DDEBUG -DSTM32U585xx -DUSE_HAL_DRIVER -c -I../../Inc -I../../Drivers/CMSIS/Include -I../../Drivers/CMSIS/Device/ST/STM32U5xx/Include -I../../Drivers/STM32U5xx_HAL_Driver/Inc -I../../Drivers/BSP/B-U585I-IOT02A -I../../Drivers/BSP/Components/Common -I../../Drivers/BSP/Components/vl53l5cx/modules -I../../Drivers/BSP/Components/vl53l5cx/porting -O0 -ffunction-sections -fdata-sections -Wall -Wno-format -fstack-usage -fcyclomatic-complexity -MMD -MP -MF"Drivers/BSP/Components/hts221.d" -MT"Drivers/BSP/Components/hts221.o" --specs=nano.specs -mfpu=fpv5-sp-d16 -mfloat-abi=hard -mthumb -o "Drivers/BSP/Components/hts221.o"
arm-none-eabi-gcc "E:/Study/07.SSI_Korea/00.Course/00.IoT_Embedded/03.Project/BSP/Drivers/BSP/Components/hts221/hts221_reg.c" -mcpu=cortex-m33 -std=gnu11 -g3 -DDEBUG -DSTM32U585xx -DUSE_HAL_DRIVER -c -I../../Inc -I../../Drivers/CMSIS/Include -I../../Drivers/CMSIS/Device/ST/STM32U5xx/Include -I../../Drivers/STM32U5xx_HAL_Driver/Inc -I../../Drivers/BSP/B-U585I-IOT02A -I../../Drivers/BSP/Components/Common -I../../Drivers/BSP/Components/vl53l5cx/modules -I../../Drivers/BSP/Components/vl53l5cx/porting -O0 -ffunction-sections -fdata-sections -Wall -Wno-format -fstack-usage -fcyclomatic-complexity -MMD -MP -MF"Drivers/BSP/Components/hts221_reg.d" -MT"Drivers/BSP/Components/hts221_reg.o" --specs=nano.specs -mfpu=fpv5-sp-d16 -mfloat-abi=hard -mthumb -o "Drivers/BSP/Components/hts221_reg.o"
arm-none-eabi-gcc "E:/Study/07.SSI_Korea/00.Course/00.IoT_Embedded/03.Project/BSP/Drivers/BSP/Components/iis2mdc/iis2mdc.c" -mcpu=cortex-m33 -std=gnu11 -g3 -DDEBUG -DSTM32U585xx -DUSE_HAL_DRIVER -c -I../../Inc -I../../Drivers/CMSIS/Include -I../../Drivers/CMSIS/Device/ST/STM32U5xx/Include -I../../Drivers/STM32U5xx_HAL_Driver/Inc -I../../Drivers/BSP/B-U585I-IOT02A -I../../Drivers/BSP/Components/Common -I../../Drivers/BSP/Components/vl53l5cx/modules -I../../Drivers/BSP/Components/vl53l5cx/porting -O0 -ffunction-sections -fdata-sections -Wall -Wno-format -fstack-usage -fcyclomatic-complexity -MMD -MP -MF"Drivers/BSP/Components/iis2mdc.d" -MT"Drivers/BSP/Components/iis2mdc.o" --specs=nano.specs -mfpu=fpv5-sp-d16 -mfloat-abi=hard -mthumb -o "Drivers/BSP/Components/iis2mdc.o"
arm-none-eabi-gcc "E:/Study/07.SSI_Korea/00.Course/00.IoT_Embedded/03.Project/BSP/Drivers/BSP/Components/iis2mdc/iis2mdc_reg.c" -mcpu=cortex-m33 -std=gnu11 -g3 -DDEBUG -DSTM32U585xx -DUSE_HAL_DRIVER -c -I../../Inc -I../../Drivers/CMSIS/Include -I../../Drivers/CMSIS/Device/ST/STM32U5xx/Include -I../../Drivers/STM32U5xx_HAL_Driver/Inc -I../../Drivers/BSP/B-U585I-IOT02A -I../../Drivers/BSP/Components/Common -I../../Drivers/BSP/Components/vl53l5cx/modules -I../../Drivers/BSP/Components/vl53l5cx/porting -O0 -ffunction-sections -fdata-sections -Wall -Wno-format -fstack-usage -fcyclomatic-complexity -MMD -MP -MF"Drivers/BSP/Components/iis2mdc_reg.d" -MT"Drivers/BSP/Components/iis2mdc_reg.o" --specs=nano.specs -mfpu=fpv5-sp-d16 -mfloat-abi=hard -mthumb -o "Drivers/BSP/Components/iis2mdc_reg.o"
arm-none-eabi-gcc "E:/Study/07.SSI_Korea/00.Course/00.IoT_Embedded/03.Project/BSP/Drivers/BSP/Components/ism330dhcx/ism330dhcx.c" -mcpu=cortex-m33 -std=gnu11 -g3 -DDEBUG -DSTM32U585xx -DUSE_HAL_DRIVER -c -I../../Inc -I../../Drivers/CMSIS/Include -I../../Drivers/CMSIS/Device/ST/STM32U5xx/Include -I../../Drivers/STM32U5xx_HAL_Driver/Inc -I../../Drivers/BSP/B-U585I-IOT02A -I../../Drivers/BSP/Components/Common -I../../Drivers/BSP/Components/vl53l5cx/modules -I../../Drivers/BSP/Components/vl53l5cx/porting -O0 -ffunction-sections -fdata-sections -Wall -Wno-format -fstack-usage -fcyclomatic-complexity -MMD -MP -MF"Drivers/BSP/Components/ism330dhcx.d" -MT"Drivers/BSP/Components/ism330dhcx.o" --specs=nano.specs -mfpu=fpv5-sp-d16 -mfloat-abi=hard -mthumb -o "Drivers/BSP/Components/ism330dhcx.o"
arm-none-eabi-gcc "E:/Study/07.SSI_Korea/00.Course/00.IoT_Embedded/03.Project/BSP/Drivers/BSP/Components/ism330dhcx/ism330dhcx_reg.c" -mcpu=cortex-m33 -std=gnu11 -g3 -DDEBUG -DSTM32U585xx -DUSE_HAL_DRIVER -c -I../../Inc -I../../Drivers/CMSIS/Include -I../../Drivers/CMSIS/Device/ST/STM32U5xx/Include -I../../Drivers/STM32U5xx_HAL_Driver/Inc -I../../Drivers/BSP/B-U585I-IOT02A -I../../Drivers/BSP/Components/Common -I../../Drivers/BSP/Components/vl53l5cx/modules -I../../Drivers/BSP/Components/vl53l5cx/porting -O0 -ffunction-sections -fdata-sections -Wall -Wno-format -fstack-usage -fcyclomatic-complexity -MMD -MP -MF"Drivers/BSP/Components/ism330dhcx_reg.d" -MT"Drivers/BSP/Components/ism330dhcx_reg.o" --specs=nano.specs -mfpu=fpv5-sp-d16 -mfloat-abi=hard -mthumb -o "Drivers/BSP/Components/ism330dhcx_reg.o"
arm-none-eabi-gcc "E:/Study/07.SSI_Korea/00.Course/00.IoT_Embedded/03.Project/BSP/Drivers/BSP/Components/lps22hh/lps22hh.c" -mcpu=cortex-m33 -std=gnu11 -g3 -DDEBUG -DSTM32U585xx -DUSE_HAL_DRIVER -c -I../../Inc -I../../Drivers/CMSIS/Include -I../../Drivers/CMSIS/Device/ST/STM32U5xx/Include -I../../Drivers/STM32U5xx_HAL_Driver/Inc -I../../Drivers/BSP/B-U585I-IOT02A -I../../Drivers/BSP/Components/Common -I../../Drivers/BSP/Components/vl53l5cx/modules -I../../Drivers/BSP/Components/vl53l5cx/porting -O0 -ffunction-sections -fdata-sections -Wall -Wno-format -fstack-usage -fcyclomatic-complexity -MMD -MP -MF"Drivers/BSP/Components/lps22hh.d" -MT"Drivers/BSP/Components/lps22hh.o" --specs=nano.specs -mfpu=fpv5-sp-d16 -mfloat-abi=hard -mthumb -o "Drivers/BSP/Components/lps22hh.o"
arm-none-eabi-gcc "E:/Study/07.SSI_Korea/00.Course/00.IoT_Embedded/03.Project/BSP/Drivers/BSP/Components/lps22hh/lps22hh_reg.c" -mcpu=cortex-m33 -std=gnu11 -g3 -DDEBUG -DSTM32U585xx -DUSE_HAL_DRIVER -c -I../../Inc -I../../Drivers/CMSIS/Include -I../../Drivers/CMSIS/Device/ST/STM32U5xx/Include -I../../Drivers/STM32U5xx_HAL_Driver/Inc -I../../Drivers/BSP/B-U585I-IOT02A -I../../Drivers/BSP/Components/Common -I../../Drivers/BSP/Components/vl53l5cx/modules -I../../Drivers/BSP/Components/vl53l5cx/porting -O0 -ffunction-sections -fdata-sections -Wall -Wno-format -fstack-usage -fcyclomatic-complexity -MMD -MP -MF"Drivers/BSP/Components/lps22hh_reg.d" -MT"Drivers/BSP/Components/lps22hh_reg.o" --specs=nano.specs -mfpu=fpv5-sp-d16 -mfloat-abi=hard -mthumb -o "Drivers/BSP/Components/lps22hh_reg.o"
arm-none-eabi-gcc "E:/Study/07.SSI_Korea/00.Course/00.IoT_Embedded/03.Project/BSP/Drivers/BSP/Components/m24256/m24256.c" -mcpu=cortex-m33 -std=gnu11 -g3 -DDEBUG -DSTM32U585xx -DUSE_HAL_DRIVER -c -I../../Inc -I../../Drivers/CMSIS/Include -I../../Drivers/CMSIS/Device/ST/STM32U5xx/Include -I../../Drivers/STM32U5xx_HAL_Driver/Inc -I../../Drivers/BSP/B-U585I-IOT02A -I../../Drivers/BSP/Components/Common -I../../Drivers/BSP/Components/vl53l5cx/modules -I../../Drivers/BSP/Components/vl53l5cx/porting -O0 -ffunction-sections -fdata-sections -Wall -Wno-format -fstack-usage -fcyclomatic-complexity -MMD -MP -MF"Drivers/BSP/Components/m24256.d" -MT"Drivers/BSP/Components/m24256.o" --specs=nano.specs -mfpu=fpv5-sp-d16 -mfloat-abi=hard -mthumb -o "Drivers/BSP/Components/m24256.o"
arm-none-eabi-gcc "E:/Study/07.SSI_Korea/00.Course/00.IoT_Embedded/03.Project/BSP/Drivers/BSP/Components/mx25lm51245g/mx25lm51245g.c" -mcpu=cortex-m33 -std=gnu11 -g3 -DDEBUG -DSTM32U585xx -DUSE_HAL_DRIVER -c -I../../Inc -I../../Drivers/CMSIS/Include -I../../Drivers/CMSIS/Device/ST/STM32U5xx/Include -I../../Drivers/STM32U5xx_HAL_Driver/Inc -I../../Drivers/BSP/B-U585I-IOT02A -I../../Drivers/BSP/Components/Common -I../../Drivers/BSP/Components/vl53l5cx/modules -I../../Drivers/BSP/Components/vl53l5cx/porting -O0 -ffunction-sections -fdata-sections -Wall -Wno-format -fstack-usage -fcyclomatic-complexity -MMD -MP -MF"Drivers/BSP/Components/mx25lm51245g.d" -MT"Drivers/BSP/Components/mx25lm51245g.o" --specs=nano.specs -mfpu=fpv5-sp-d16 -mfloat-abi=hard -mthumb -o "Drivers/BSP/Components/mx25lm51245g.o"
arm-none-eabi-gcc "E:/Study/07.SSI_Korea/00.Course/00.IoT_Embedded/03.Project/BSP/Drivers/BSP/Components/ov5640/ov5640.c" -mcpu=cortex-m33 -std=gnu11 -g3 -DDEBUG -DSTM32U585xx -DUSE_HAL_DRIVER -c -I../../Inc -I../../Drivers/CMSIS/Include -I../../Drivers/CMSIS/Device/ST/STM32U5xx/Include -I../../Drivers/STM32U5xx_HAL_Driver/Inc -I../../Drivers/BSP/B-U585I-IOT02A -I../../Drivers/BSP/Components/Common -I../../Drivers/BSP/Components/vl53l5cx/modules -I../../Drivers/BSP/Components/vl53l5cx/porting -O0 -ffunction-sections -fdata-sections -Wall -Wno-format -fstack-usage -fcyclomatic-complexity -MMD -MP -MF"Drivers/BSP/Components/ov5640.d" -MT"Drivers/BSP/Components/ov5640.o" --specs=nano.specs -mfpu=fpv5-sp-d16 -mfloat-abi=hard -mthumb -o "Drivers/BSP/Components/ov5640.o"
arm-none-eabi-gcc "E:/Study/07.SSI_Korea/00.Course/00.IoT_Embedded/03.Project/BSP/Drivers/BSP/Components/ov5640/ov5640_reg.c" -mcpu=cortex-m33 -std=gnu11 -g3 -DDEBUG -DSTM32U585xx -DUSE_HAL_DRIVER -c -I../../Inc -I../../Drivers/CMSIS/Include -I../../Drivers/CMSIS/Device/ST/STM32U5xx/Include -I../../Drivers/STM32U5xx_HAL_Driver/Inc -I../../Drivers/BSP/B-U585I-IOT02A -I../../Drivers/BSP/Components/Common -I../../Drivers/BSP/Components/vl53l5cx/modules -I../../Drivers/BSP/Components/vl53l5cx/porting -O0 -ffunction-sections -fdata-sections -Wall -Wno-format -fstack-usage -fcyclomatic-complexity -MMD -MP -MF"Drivers/BSP/Components/ov5640_reg.d" -MT"Drivers/BSP/Components/ov5640_reg.o" --specs=nano.specs -mfpu=fpv5-sp-d16 -mfloat-abi=hard -mthumb -o "Drivers/BSP/Components/ov5640_reg.o"
arm-none-eabi-gcc "E:/Study/07.SSI_Korea/00.Course/00.IoT_Embedded/03.Project/BSP/Drivers/BSP/Components/veml3235/veml3235.c" -mcpu=cortex-m33 -std=gnu11 -g3 -DDEBUG -DSTM32U585xx -DUSE_HAL_DRIVER -c -I../../Inc -I../../Drivers/CMSIS/Include -I../../Drivers/CMSIS/Device/ST/STM32U5xx/Include -I../../Drivers/STM32U5xx_HAL_Driver/Inc -I../../Drivers/BSP/B-U585I-IOT02A -I../../Drivers/BSP/Components/Common -I../../Drivers/BSP/Components/vl53l5cx/modules -I../../Drivers/BSP/Components/vl53l5cx/porting -O0 -ffunction-sections -fdata-sections -Wall -Wno-format -fstack-usage -fcyclomatic-complexity -MMD -MP -MF"Drivers/BSP/Components/veml3235.d" -MT"Drivers/BSP/Components/veml3235.o" --specs=nano.specs -mfpu=fpv5-sp-d16 -mfloat-abi=hard -mthumb -o "Drivers/BSP/Components/veml3235.o"
arm-none-eabi-gcc "E:/Study/07.SSI_Korea/00.Course/00.IoT_Embedded/03.Project/BSP/Drivers/BSP/Components/veml3235/veml3235_reg.c" -mcpu=cortex-m33 -std=gnu11 -g3 -DDEBUG -DSTM32U585xx -DUSE_HAL_DRIVER -c -I../../Inc -I../../Drivers/CMSIS/Include -I../../Drivers/CMSIS/Device/ST/STM32U5xx/Include -I../../Drivers/STM32U5xx_HAL_Driver/Inc -I../../Drivers/BSP/B-U585I-IOT02A -I../../Drivers/BSP/Components/Common -I../../Drivers/BSP/Components/vl53l5cx/modules -I../../Drivers/BSP/Components/vl53l5cx/porting -O0 -ffunction-sections -fdata-sections -Wall -Wno-format -fstack-usage -fcyclomatic-complexity -MMD -MP -MF"Drivers/BSP/Components/veml3235_reg.d" -MT"Drivers/BSP/Components/veml3235_reg.o" --specs=nano.specs -mfpu=fpv5-sp-d16 -mfloat-abi=hard -mthumb -o "Drivers/BSP/Components/veml3235_reg.o"
arm-none-eabi-gcc "E:/Study/07.SSI_Korea/00.Course/00.IoT_Embedded/03.Project/BSP/Drivers/BSP/B-U585I-IOT02A/b_u585i_iot02a.c" -mcpu=cortex-m33 -std=gnu11 -g3 -DDEBUG -DSTM32U585xx -DUSE_HAL_DRIVER -c -I../../Inc -I../../Drivers/CMSIS/Include -I../../Drivers/CMSIS/Device/ST/STM32U5xx/Include -I../../Drivers/STM32U5xx_HAL_Driver/Inc -I../../Drivers/BSP/B-U585I-IOT02A -I../../Drivers/BSP/Components/Common -I../../Drivers/BSP/Components/vl53l5cx/modules -I../../Drivers/BSP/Components/vl53l5cx/porting -O0 -ffunction-sections -fdata-sections -Wall -Wno-format -fstack-usage -fcyclomatic-complexity -MMD -MP -MF"Drivers/BSP/B-U585I-IOT02A/b_u585i_iot02a.d" -MT"Drivers/BSP/B-U585I-IOT02A/b_u585i_iot02a.o" --specs=nano.specs -mfpu=fpv5-sp-d16 -mfloat-abi=hard -mthumb -o "Drivers/BSP/B-U585I-IOT02A/b_u585i_iot02a.o"
arm-none-eabi-gcc "E:/Study/07.SSI_Korea/00.Course/00.IoT_Embedded/03.Project/BSP/Drivers/BSP/B-U585I-IOT02A/b_u585i_iot02a_audio.c" -mcpu=cortex-m33 -std=gnu11 -g3 -DDEBUG -DSTM32U585xx -DUSE_HAL_DRIVER -c -I../../Inc -I../../Drivers/CMSIS/Include -I../../Drivers/CMSIS/Device/ST/STM32U5xx/Include -I../../Drivers/STM32U5xx_HAL_Driver/Inc -I../../Drivers/BSP/B-U585I-IOT02A -I../../Drivers/BSP/Components/Common -I../../Drivers/BSP/Components/vl53l5cx/modules -I../../Drivers/BSP/Components/vl53l5cx/porting -O0 -ffunction-sections -fdata-sections -Wall -Wno-format -fstack-usage -fcyclomatic-complexity -MMD -MP -MF"Drivers/BSP/B-U585I-IOT02A/b_u585i_iot02a_audio.d" -MT"Drivers/BSP/B-U585I-IOT02A/b_u585i_iot02a_audio.o" --specs=nano.specs -mfpu=fpv5-sp-d16 -mfloat-abi=hard -mthumb -o "Drivers/BSP/B-U585I-IOT02A/b_u585i_iot02a_audio.o"
arm-none-eabi-gcc "E:/Study/07.SSI_Korea/00.Course/00.IoT_Embedded/03.Project/BSP/Drivers/BSP/B-U585I-IOT02A/b_u585i_iot02a_bus.c" -mcpu=cortex-m33 -std=gnu11 -g3 -DDEBUG -DSTM32U585xx -DUSE_HAL_DRIVER -c -I../../Inc -I../../Drivers/CMSIS/Include -I../../Drivers/CMSIS/Device/ST/STM32U5xx/Include -I../../Drivers/STM32U5xx_HAL_Driver/Inc -I../../Drivers/BSP/B-U585I-IOT02A -I../../Drivers/BSP/Components/Common -I../../Drivers/BSP/Components/vl53l5cx/modules -I../../Drivers/BSP/Components/vl53l5cx/porting -O0 -ffunction-sections -fdata-sections -Wall -Wno-format -fstack-usage -fcyclomatic-complexity -MMD -MP -MF"Drivers/BSP/B-U585I-IOT02A/b_u585i_iot02a_bus.d" -MT"Drivers/BSP/B-U585I-IOT02A/b_u585i_iot02a_bus.o" --specs=nano.specs -mfpu=fpv5-sp-d16 -mfloat-abi=hard -mthumb -o "Drivers/BSP/B-U585I-IOT02A/b_u585i_iot02a_bus.o"
arm-none-eabi-gcc "E:/Study/07.SSI_Korea/00.Course/00.IoT_Embedded/03.Project/BSP/Drivers/BSP/B-U585I-IOT02A/b_u585i_iot02a_camera.c" -mcpu=cortex-m33 -std=gnu11 -g3 -DDEBUG -DSTM32U585xx -DUSE_HAL_DRIVER -c -I../../Inc -I../../Drivers/CMSIS/Include -I../../Drivers/CMSIS/Device/ST/STM32U5xx/Include -I../../Drivers/STM32U5xx_HAL_Driver/Inc -I../../Drivers/BSP/B-U585I-IOT02A -I../../Drivers/BSP/Components/Common -I../../Drivers/BSP/Components/vl53l5cx/modules -I../../Drivers/BSP/Components/vl53l5cx/porting -O0 -ffunction-sections -fdata-sections -Wall -Wno-format -fstack-usage -fcyclomatic-complexity -MMD -MP -MF"Drivers/BSP/B-U585I-IOT02A/b_u585i_iot02a_camera.d" -MT"Drivers/BSP/B-U585I-IOT02A/b_u585i_iot02a_camera.o" --specs=nano.specs -mfpu=fpv5-sp-d16 -mfloat-abi=hard -mthumb -o "Drivers/BSP/B-U585I-IOT02A/b_u585i_iot02a_camera.o"
arm-none-eabi-gcc "E:/Study/07.SSI_Korea/00.Course/00.IoT_Embedded/03.Project/BSP/Drivers/BSP/B-U585I-IOT02A/b_u585i_iot02a_eeprom.c" -mcpu=cortex-m33 -std=gnu11 -g3 -DDEBUG -DSTM32U585xx -DUSE_HAL_DRIVER -c -I../../Inc -I../../Drivers/CMSIS/Include -I../../Drivers/CMSIS/Device/ST/STM32U5xx/Include -I../../Drivers/STM32U5xx_HAL_Driver/Inc -I../../Drivers/BSP/B-U585I-IOT02A -I../../Drivers/BSP/Components/Common -I../../Drivers/BSP/Components/vl53l5cx/modules -I../../Drivers/BSP/Components/vl53l5cx/porting -O0 -ffunction-sections -fdata-sections -Wall -Wno-format -fstack-usage -fcyclomatic-complexity -MMD -MP -MF"Drivers/BSP/B-U585I-IOT02A/b_u585i_iot02a_eeprom.d" -MT"Drivers/BSP/B-U585I-IOT02A/b_u585i_iot02a_eeprom.o" --specs=nano.specs -mfpu=fpv5-sp-d16 -mfloat-abi=hard -mthumb -o "Drivers/BSP/B-U585I-IOT02A/b_u585i_iot02a_eeprom.o"
arm-none-eabi-gcc "E:/Study/07.SSI_Korea/00.Course/00.IoT_Embedded/03.Project/BSP/Drivers/BSP/B-U585I-IOT02A/b_u585i_iot02a_env_sensors.c" -mcpu=cortex-m33 -std=gnu11 -g3 -DDEBUG -DSTM32U585xx -DUSE_HAL_DRIVER -c -I../../Inc -I../../Drivers/CMSIS/Include -I../../Drivers/CMSIS/Device/ST/STM32U5xx/Include -I../../Drivers/STM32U5xx_HAL_Driver/Inc -I../../Drivers/BSP/B-U585I-IOT02A -I../../Drivers/BSP/Components/Common -I../../Drivers/BSP/Components/vl53l5cx/modules -I../../Drivers/BSP/Components/vl53l5cx/porting -O0 -ffunction-sections -fdata-sections -Wall -Wno-format -fstack-usage -fcyclomatic-complexity -MMD -MP -MF"Drivers/BSP/B-U585I-IOT02A/b_u585i_iot02a_env_sensors.d" -MT"Drivers/BSP/B-U585I-IOT02A/b_u585i_iot02a_env_sensors.o" --specs=nano.specs -mfpu=fpv5-sp-d16 -mfloat-abi=hard -mthumb -o "Drivers/BSP/B-U585I-IOT02A/b_u585i_iot02a_env_sensors.o"
arm-none-eabi-gcc "E:/Study/07.SSI_Korea/00.Course/00.IoT_Embedded/03.Project/BSP/Drivers/BSP/B-U585I-IOT02A/b_u585i_iot02a_light_sensor.c" -mcpu=cortex-m33 -std=gnu11 -g3 -DDEBUG -DSTM32U585xx -DUSE_HAL_DRIVER -c -I../../Inc -I../../Drivers/CMSIS/Include -I../../Drivers/CMSIS/Device/ST/STM32U5xx/Include -I../../Drivers/STM32U5xx_HAL_Driver/Inc -I../../Drivers/BSP/B-U585I-IOT02A -I../../Drivers/BSP/Components/Common -I../../Drivers/BSP/Components/vl53l5cx/modules -I../../Drivers/BSP/Components/vl53l5cx/porting -O0 -ffunction-sections -fdata-sections -Wall -Wno-format -fstack-usage -fcyclomatic-complexity -MMD -MP -MF"Drivers/BSP/B-U585I-IOT02A/b_u585i_iot02a_light_sensor.d" -MT"Drivers/BSP/B-U585I-IOT02A/b_u585i_iot02a_light_sensor.o" --specs=nano.specs -mfpu=fpv5-sp-d16 -mfloat-abi=hard -mthumb -o "Drivers/BSP/B-U585I-IOT02A/b_u585i_iot02a_light_sensor.o"
arm-none-eabi-gcc "E:/Study/07.SSI_Korea/00.Course/00.IoT_Embedded/03.Project/BSP/Drivers/BSP/B-U585I-IOT02A/b_u585i_iot02a_motion_sensors.c" -mcpu=cortex-m33 -std=gnu11 -g3 -DDEBUG -DSTM32U585xx -DUSE_HAL_DRIVER -c -I../../Inc -I../../Drivers/CMSIS/Include -I../../Drivers/CMSIS/Device/ST/STM32U5xx/Include -I../../Drivers/STM32U5xx_HAL_Driver/Inc -I../../Drivers/BSP/B-U585I-IOT02A -I../../Drivers/BSP/Components/Common -I../../Drivers/BSP/Components/vl53l5cx/modules -I../../Drivers/BSP/Components/vl53l5cx/porting -O0 -ffunction-sections -fdata-sections -Wall -Wno-format -fstack-usage -fcyclomatic-complexity -MMD -MP -MF"Drivers/BSP/B-U585I-IOT02A/b_u585i_iot02a_motion_sensors.d" -MT"Drivers/BSP/B-U585I-IOT02A/b_u585i_iot02a_motion_sensors.o" --specs=nano.specs -mfpu=fpv5-sp-d16 -mfloat-abi=hard -mthumb -o "Drivers/BSP/B-U585I-IOT02A/b_u585i_iot02a_motion_sensors.o"
arm-none-eabi-gcc "E:/Study/07.SSI_Korea/00.Course/00.IoT_Embedded/03.Project/BSP/Drivers/BSP/B-U585I-IOT02A/b_u585i_iot02a_ospi.c" -mcpu=cortex-m33 -std=gnu11 -g3 -DDEBUG -DSTM32U585xx -DUSE_HAL_DRIVER -c -I../../Inc -I../../Drivers/CMSIS/Include -I../../Drivers/CMSIS/Device/ST/STM32U5xx/Include -I../../Drivers/STM32U5xx_HAL_Driver/Inc -I../../Drivers/BSP/B-U585I-IOT02A -I../../Drivers/BSP/Components/Common -I../../Drivers/BSP/Components/vl53l5cx/modules -I../../Drivers/BSP/Components/vl53l5cx/porting -O0 -ffunction-sections -fdata-sections -Wall -Wno-format -fstack-usage -fcyclomatic-complexity -MMD -MP -MF"Drivers/BSP/B-U585I-IOT02A/b_u585i_iot02a_ospi.d" -MT"Drivers/BSP/B-U585I-IOT02A/b_u585i_iot02a_ospi.o" --specs=nano.specs -mfpu=fpv5-sp-d16 -mfloat-abi=hard -mthumb -o "Drivers/BSP/B-U585I-IOT02A/b_u585i_iot02a_ospi.o"
arm-none-eabi-gcc "E:/Study/07.SSI_Korea/00.Course/00.IoT_Embedded/03.Project/BSP/Drivers/BSP/B-U585I-IOT02A/b_u585i_iot02a_ranging_sensor.c" -mcpu=cortex-m33 -std=gnu11 -g3 -DDEBUG -DSTM32U585xx -DUSE_HAL_DRIVER -c -I../../Inc -I../../Drivers/CMSIS/Include -I../../Drivers/CMSIS/Device/ST/STM32U5xx/Include -I../../Drivers/STM32U5xx_HAL_Driver/Inc -I../../Drivers/BSP/B-U585I-IOT02A -I../../Drivers/BSP/Components/Common -I../../Drivers/BSP/Components/vl53l5cx/modules -I../../Drivers/BSP/Components/vl53l5cx/porting -O0 -ffunction-sections -fdata-sections -Wall -Wno-format -fstack-usage -fcyclomatic-complexity -MMD -MP -MF"Drivers/BSP/B-U585I-IOT02A/b_u585i_iot02a_ranging_sensor.d" -MT"Drivers/BSP/B-U585I-IOT02A/b_u585i_iot02a_ranging_sensor.o" --specs=nano.specs -mfpu=fpv5-sp-d16 -mfloat-abi=hard -mthumb -o "Drivers/BSP/B-U585I-IOT02A/b_u585i_iot02a_ranging_sensor.o"
arm-none-eabi-gcc -o "BSP.elf" @"objects.list"   -mcpu=cortex-m33 -T"E:\Study\07.SSI_Korea\00.Course\00.IoT_Embedded\03.Project\BSP\STM32CubeIDE\STM32U585AIIX_FLASH.ld" --specs=nosys.specs -Wl,-Map="BSP.map" -Wl,--gc-sections -static -specs=rdimon.specs -lc -lrdimon --specs=nano.specs -mfpu=fpv5-sp-d16 -mfloat-abi=hard -mthumb -u _printf_float -u _scanf_float -Wl,--start-group -lc -lm -Wl,--end-group
Finished building target: BSP.elf
 
arm-none-eabi-size  BSP.elf 
arm-none-eabi-objdump -h -S BSP.elf  > "BSP.list"
   text	   data	    bss	    dec	    hex	filename
 231624	   2016	 221552	 455192	  6f218	BSP.elf
Finished building: default.size.stdout
 
Finished building: BSP.list
 
